23:11:53 <INFO> Started REINVENT 4.7.15 (C) AstraZeneca 2017, 2023 on 2026-07-13
23:11:53 <INFO> Command line: /Users/hakeemshindy/miniconda3/envs/reinvent4/bin/reinvent -d cpu -l outputs_dasa/verify3/s1.log outputs_dasa/verify3/s1.toml
23:11:53 <INFO> Reading run configuration from /Users/hakeemshindy/Downloads/REINVENT4_photochem/outputs_dasa/verify3/s1.toml using format toml
23:11:53 <INFO> User hakeemshindy on host Mac.lan
23:11:53 <INFO> Python version 3.10.20
23:11:53 <INFO> PyTorch version 2.9.1, git 5811a8d7da873dd699ff6687092c225caffcf1bb
23:11:53 <INFO> PyTorch compiled with CUDA version None
23:11:53 <INFO> RDKit version 2026.03.1
23:11:53 <INFO> Platform macOS-26.4-arm64-arm-64bit
23:11:53 <INFO> Number of PyTorch CUDA devices 0
23:11:53 <WARN> 'use_cuda' is deprecated, use 'device' instead
23:11:53 <INFO> Using CPU arm
23:11:53 <INFO> Starting 1 stage of Reinforcement Learning
23:11:53 <ERRO> /Users/hakeemshindy/Downloads/REINVENT4_photochem/reinvent.prior has invalid hash:
{ 'comments': [],
  'creation_date': 0,
  'date_format': 'UNIX epoch',
  'hash_id': '173568c36e1fc3d95cab289c7d31ce0b',
  'hash_id_format': 'xxhash.xxh3_128_hex 3.4.1',
  'model_id': '55d68f8a81c04f5a86304ebe1723a0ea',
  'model_id_format': 'uuid.uuid4 3.10.12',
  'origina_data_source': 'ChEMBL 25',
  'updates': []}
23:11:53 <INFO> Number of network parameters: 5,805,602
23:11:53 <INFO> Network architecture:
RNN(
  (_embedding): Embedding(34, 256)
  (_rnn): LSTM(256, 512, num_layers=3, batch_first=True)
  (_linear): Linear(in_features=512, out_features=34, bias=True)
)
23:11:53 <INFO> /Users/hakeemshindy/Downloads/REINVENT4_photochem/outputs_dasa/TL_dasa_real.model has valid hash:
{ 'comments': ['TL'],
  'creation_date': 0,
  'date_format': 'UNIX epoch',
  'hash_id': '2eefaad0e735d29d74c3aa26cfda40ce',
  'hash_id_format': 'xxhash.xxh3_128_hex 3.6.0',
  'model_id': '55d68f8a81c04f5a86304ebe1723a0ea',
  'model_id_format': 'uuid.uuid4 3.10.12',
  'origina_data_source': 'ChEMBL 25',
  'updates': [1783998373.960653]}
23:11:53 <INFO> Number of network parameters: 5,805,602
23:11:53 <INFO> Network architecture:
RNN(
  (_embedding): Embedding(34, 256)
  (_rnn): LSTM(256, 512, num_layers=3, batch_first=True)
  (_linear): Linear(in_features=512, out_features=34, bias=True)
)
23:11:53 <INFO> Using generator Reinvent
23:11:53 <INFO> Prior read from /Users/hakeemshindy/Downloads/REINVENT4_photochem/reinvent.prior
23:11:53 <INFO> Agent read from /Users/hakeemshindy/Downloads/REINVENT4_photochem/outputs_dasa/TL_dasa_real.model
23:11:53 <INFO> Using reward strategy dap
23:11:53 <INFO> Purging diversity filter memories after each stage
23:11:53 <WARN> Inception disabled but may speed up convergence
23:11:53 <INFO> Registered scoring component ROCSSimilarity
23:11:53 <INFO> Registered scoring component GroupCount
23:11:53 <INFO> Registered scoring component FragmentQed
23:11:53 <INFO> Registered scoring component FragmentSlogP
23:11:53 <INFO> Registered scoring component FragmentMolecularWeight
23:11:53 <INFO> Registered scoring component FragmentTPSA
23:11:53 <INFO> Registered scoring component FragmentDistanceMatrix
23:11:53 <INFO> Registered scoring component FragmentNumAtomStereoCenters
23:11:53 <INFO> Registered scoring component FragmentHBondAcceptors
23:11:53 <INFO> Registered scoring component FragmentHBondDonors
23:11:53 <INFO> Registered scoring component FragmentNumRotBond
23:11:53 <INFO> Registered scoring component FragmentCsp3
23:11:53 <INFO> Registered scoring component Fragmentnumsp
23:11:53 <INFO> Registered scoring component Fragmentnumsp2
23:11:53 <INFO> Registered scoring component Fragmentnumsp3
23:11:53 <INFO> Registered scoring component FragmentEffectiveLength
23:11:53 <INFO> Registered scoring component FragmentGraphLength
23:11:53 <INFO> Registered scoring component FragmentLengthRatio
23:11:53 <INFO> Registered scoring component FragmentNumHeavyAtoms
23:11:53 <INFO> Registered scoring component FragmentNumHeteroAtoms
23:11:53 <INFO> Registered scoring component FragmentNumRings
23:11:53 <INFO> Registered scoring component FragmentNumAromaticRings
23:11:53 <INFO> Registered scoring component FragmentNumAliphaticRings
23:11:53 <INFO> Registered scoring component FragmentSlogP
23:11:53 <INFO> Registered scoring component MatchingSubstructure
23:11:53 <INFO> Registered scoring component MolVolume
23:11:53 <INFO> Registered scoring component Qed
23:11:53 <INFO> Registered scoring component LargestRingSize
23:11:53 <INFO> Registered scoring component MolecularWeight
23:11:53 <INFO> Registered scoring component GraphLength
23:11:53 <INFO> Registered scoring component NumAtomStereoCenters
23:11:53 <INFO> Registered scoring component HBondAcceptors
23:11:53 <INFO> Registered scoring component HBondDonors
23:11:53 <INFO> Registered scoring component NumRotBond
23:11:53 <INFO> Registered scoring component Csp3
23:11:53 <INFO> Registered scoring component numsp
23:11:53 <INFO> Registered scoring component numsp2
23:11:53 <INFO> Registered scoring component numsp3
23:11:53 <INFO> Registered scoring component NumHeavyAtoms
23:11:53 <INFO> Registered scoring component NumHeteroAtoms
23:11:53 <INFO> Registered scoring component NumRings
23:11:53 <INFO> Registered scoring component NumAromaticRings
23:11:53 <INFO> Registered scoring component NumAliphaticRings
23:11:53 <INFO> Registered scoring component SlogP
23:11:53 <INFO> Registered scoring component LargestRingSize
23:11:53 <INFO> Registered scoring component PMI
23:11:53 <INFO> Registered scoring component RDKitDescriptors
23:11:53 <INFO> Registered scoring component TanimotoSimilarity
23:11:53 <INFO> Registered scoring component TanimotoDistance
23:11:53 <INFO> Registered scoring component TPSA
23:11:53 <INFO> Registered scoring component SAScore
23:11:53 <ERRO> Component reinvent_plugins.components.comp_chemprop could not be imported: numpy.dtype size changed, may indicate binary incompatibility. Expected 96 from C header, got 88 from PyObject
23:11:53 <INFO> Registered scoring component CustomAlerts
23:11:53 <INFO> Registered scoring component DockStream
23:11:53 <INFO> Registered scoring component ExternalProcess
23:11:53 <INFO> Registered scoring component REST
23:11:53 <INFO> Registered scoring component Icolos
23:11:53 <INFO> Registered scoring component MMP
23:11:53 <INFO> Registered scoring component Qptuna
23:11:53 <INFO> Registered scoring component ReactionFilter
23:11:53 <INFO> Registered scoring component RingPrecedence
23:11:53 <INFO> Registered scoring component Maize
23:11:53 <INFO> Registered scoring component SynthSense
23:11:53 <INFO> Registered scoring component CAZP
23:11:53 <INFO> Registered scoring component AqueousSolubility
23:11:53 <INFO> Registered scoring component DASAScaffold
23:11:53 <INFO> Registered scoring component DASASwitchability
23:11:53 <INFO> Registered scoring component HalfLifeChemProp
23:11:53 <INFO> Registered scoring component PhotoswitchScaffold
23:11:53 <INFO> Registered scoring component VisibleAbsChemProp
23:11:53 <INFO> Registered scoring component XTBHomoLumo
23:11:53 <INFO> Registered scoring component XTBIsomerGap
23:11:53 <INFO> Registered scoring component XTBLambdaFilter
23:11:53 <INFO> Creating scoring component DASAScaffold
23:11:53 <INFO> Creating scoring component AqueousSolubility
23:11:53 <INFO> Creating scoring component SAScore
23:11:53 <INFO> Writing tabular data for stage to outputs_dasa/verify3/stage1_1.csv
23:11:53 <INFO> Starting stage 1 <<<
23:11:54 <INFO> Sampled SMILES c1n2c(cc3c2[nH]cc(-c2ccccc2)c3=O)c2c1cccc2 failed to sanitize.
23:11:55 <INFO> Score: 0.43 Agent NLL: 14.49 Valid:  98% Step: 1
 | Agent Prior Target Score SMILES SMILES_state DASA DASA (raw) Solubility Solubility (raw) SA SA (raw)
 | 13.7204 38.6251 -38.6108 0.0001114 CC1=NOC(=O)C1=C(O)C=CC=Cc1ccccc1 1 0.0000000 0.0000 0.3801705 0.3802 0.9573357 2.9735
 | 8.4082 44.9247 65.7366 0.8645409 O=C1NC(=S)NC(=O)C1=C(O)C=CC=CN1CCCCC1 1 1.0000000 1.0000 0.6711265 0.6711 0.9358717 3.2538
 | 13.2203 60.0642 -60.0532 0.0000861 CCCN(CCC)C(C)=CC=CC(C)=CC(O)=C1C(=O)N(CC)C(=O)N(CC)C1=O 1 0.0000000 0.0000 0.1794852 0.1795 0.9208994 3.4010
 | 8.8657 62.4363 52.1336 0.8950770 CC(=CC=CC(O)=C1C(=O)N(C)C(=S)N(C)C1=O)N(CCO)CCO 1 1.0000000 1.0000 0.7548393 0.7548 0.9141589 3.4590
 | 10.7360 49.6874 26.1377 0.5923837 CC(C=CN(C)C)=CC(O)=C1C(=O)N(c2ccccc2)N=C1C(F)(F)F 1 1.0000000 1.0000 0.2141870 0.2142 0.9490262 3.0951
 | 29.0591 34.0108 -33.9963 0.0001133 CC12OC(O)C(O)C1C(=C(Br)Br)OC2=O 1 0.0000000 0.0000 0.6500440 0.6500 0.4085208 5.2411
 | 14.9670 19.3258 -19.3142 0.0000909 CCN(CC)CCCN=c1c2ccccc2[nH]c2ccccc12 1 0.0000000 0.0000 0.2037961 0.2038 0.9804049 2.4511
 | 8.2272 46.2066 69.2282 0.9018339 CC(C=CN(C)CCO)=CC(O)=C1C(=O)NC(=S)NC1=O 1 1.0000000 1.0000 0.7815732 0.7816 0.8947827 3.6056
 | 13.6653 51.6589 48.6941 0.7840078 CC(C=CN1CCc2ccccc21)=CC(O)=C1C(=O)NC(=S)NC1=O 1 1.0000000 1.0000 0.5015436 0.5015 0.9324850 3.2896
 | 9.6651 57.7010 55.4007 0.8836070 CC(C=CN1CCCC1)=CC(O)=C1C(=O)NNC1=O 1 1.0000000 1.0000 0.7363049 0.7363 0.8922976 3.6226
23:11:56 <INFO> Score: 0.49 Agent NLL: 14.27 Valid: 100% Step: 2
 | Agent Prior Target Score SMILES SMILES_state DASA DASA (raw) Solubility Solubility (raw) SA SA (raw)
 | 22.8240 25.3825 -25.3670 0.0001204 CC1=NC(=O)NC(c2cccc(N)c2)C1C(=O)N=c1cccc[nH]1 1 0.0000000 0.0000 0.5310512 0.5311 0.8014582 4.0910
 | 8.3822 40.4875 66.6350 0.8368946 CN1C(=O)C(=C(O)C=CC=CN2CCCCC2)C(=O)N(C)C1=O 1 1.0000000 1.0000 0.6053218 0.6053 0.9452474 3.1443
 | 11.5167 45.2937 41.7349 0.6799113 CCN(C=CC=CC(O)=C1C(=O)Nc2ccccc21)CC 1 1.0000000 1.0000 0.3225386 0.3225 0.9557761 2.9980
 | 7.4426 42.5555 71.2220 0.8888863 CC(=CC=CC(O)=C1C(=O)NC(=S)NC1=O)N1CCN(C)CC1 1 1.0000000 1.0000 0.7269101 0.7269 0.9415672 3.1892
 | 12.6466 19.0290 -19.0158 0.0001037 CN(c1ccccc1)c1ccccc1 1 0.0000000 0.0000 0.3001780 0.3002 0.9955124 1.4809
 | 8.0711 51.7668 22.6397 0.5813004 CC(C=CN(C)c1ccccc1)=CC(O)=C1C(=O)ON=C1C(F)(F)F 1 1.0000000 1.0000 0.2071528 0.2072 0.9111589 3.4835
 | 17.5058 50.6186 -50.6046 0.0001091 CN(C)C=CC(C=CC(O)=C1C(=O)N(C)C(=S)N(C)C1=O)=Cc1ccccc1 1 0.0000000 0.0000 0.3627340 0.3627 0.9299675 3.3152
 | 26.2050 66.9875 22.3142 0.6976698 CN(C=CC=CC(O)=C1C(=O)NNC1=O)C(F)(C=CC(F)(F)F)C(F)(F)F 1 1.0000000 1.0000 0.4388623 0.4389 0.6383923 4.6297
 | 8.8433 50.4172 58.9395 0.8543493 CC(=CC=CC(O)=C1C(=O)N(C)C(=S)N(C)C1=O)N(C)C 1 1.0000000 1.0000 0.6541581 0.6542 0.9196897 3.4117
 | 9.7102 61.1328 25.5480 0.6771933 CC(=CC=CC(O)=C1C(=O)N(C)C(=S)N(C)C1=O)N1CCCc2ccccc21 1 1.0000000 1.0000 0.3208656 0.3209 0.9444436 3.1543
23:11:56 <INFO> Score: 0.58 Agent NLL: 11.89 Valid: 100% Step: 3
 | Agent Prior Target Score SMILES SMILES_state DASA DASA (raw) Solubility Solubility (raw) SA SA (raw)
 | 7.6203 61.8147 -8.0135 0.4203221 CCCCCCCCN(CCCCCCCC)C(C)=CC=CC(O)=C1C(=O)NNC1=O 1 1.0000000 1.0000 0.0769139 0.0769 0.9403679 3.2033
 | 10.6366 45.1267 58.4049 0.8088403 CN1C(=O)C(=C(O)C=CC=CN2CCCCCC2)C(=O)N(C)C1=O 1 1.0000000 1.0000 0.5455392 0.5455 0.9480567 3.1080
 | 15.3953 54.2984 21.3358 0.5908928 C=CCN1C(=O)C(=C(O)C=CC=C(C)N2CCCc3ccccc32)C(=O)N(CC)C1=O 1 1.0000000 1.0000 0.2132350 0.2132 0.9438832 3.1613
 | 12.9738 43.3407 63.0557 0.8312221 O=C1NC(=O)C(=C(O)C=CC=CN2CCc3ccccc32)C(=O)N1 1 1.0000000 1.0000 0.5915347 0.5915 0.9496189 3.0871
 | 12.6993 43.9454 17.6295 0.4810539 CCCCN(C=CC=CC(O)=C1C(=O)Nc2ccccc21)CCCC 1 1.0000000 1.0000 0.1140620 0.1141 0.9583414 2.9573
 | 11.1105 47.0804 51.8821 0.7731443 CC(=CC=CC(O)=C1C(=O)ON=C1C(F)(F)F)N(C)C 1 1.0000000 1.0000 0.5018807 0.5019 0.8655993 3.7866
 | 18.6811 23.8428 -23.8270 0.0001230 CC=CC=CC(=O)N1Cc2ccccc2CC1C(=O)O 1 0.0000000 0.0000 0.5120566 0.5121 0.9574030 2.9724
 | 12.0460 41.9252 63.1210 0.8206741 CC(C=CN1CCSCC1)=CC(O)=C1C(=O)N(C)C(=O)N(C)C1=O 1 1.0000000 1.0000 0.5872793 0.5873 0.8993280 3.5735
 | 7.8416 42.0648 61.7033 0.8106885 CCN(C=CC=CC(O)=C1C(=O)NC(=O)NC1=O)c1ccccc1 1 1.0000000 1.0000 0.5482845 0.5483 0.9510931 3.0667
 | 11.8906 44.9885 31.6300 0.5985821 CC(C=CN1CCCCC1)=CC(O)=C1C(=O)c2ccccc2C1=O 1 1.0000000 1.0000 0.2196579 0.2197 0.9590530 2.9456
23:11:57 <INFO> Score: 0.47 Agent NLL: 13.86 Valid: 100% Step: 4
 | Agent Prior Target Score SMILES SMILES_state DASA DASA (raw) Solubility Solubility (raw) SA SA (raw)
 | 15.6807 44.9334 62.5925 0.8400462 CC1CN(C=CC=CC(O)=C2C(=O)NC(=S)NC2=O)CC(C)O1 1 1.0000000 1.0000 0.6856282 0.6856 0.7752407 4.1934
 | 8.8227 45.7641 71.8998 0.9192493 CC(=CC=CC(O)=C1C(=O)NC(=S)NC1=O)N(CCO)CCO 1 1.0000000 1.0000 0.8177733 0.8178 0.9139389 3.4608
 | 19.1253 52.9585 50.8800 0.8112380 CC(C)C(C=CN(C)C)=CC(O)=C1C(=O)N(C)C(=S)N(C)C1=O 1 1.0000000 1.0000 0.5666177 0.5666 0.9010953 3.5607
 | 14.0796 29.3718 -29.3548 0.0001327 C[N+](C)=CC=CN1CCCCCC1 1 0.0000000 0.0000 0.6541223 0.6541 0.9275982 3.3386
 | 18.5879 22.7186 -22.7013 0.0001353 CCc1ccc(N2N=CNCC2=O)cc1 1 0.0000000 0.0000 0.6781091 0.6781 0.9646165 2.8467
 | 11.0054 60.0084 25.2386 0.6659925 CC(C=CN1CCc2ccccc21)=CC(O)=C1C(=O)ON=C1C 1 1.0000000 1.0000 0.3115537 0.3116 0.9110272 3.4846
 | 9.2932 43.4712 39.8851 0.6512209 CC(C=CN1CCCC1)=CC(O)=C1C(=O)c2ccccc2C1=O 1 1.0000000 1.0000 0.2831301 0.2831 0.9574105 2.9723
 | 9.7508 35.0839 83.0309 0.9227720 CN(C)C=CC=CC(O)=C1C(=O)NC(=O)C1=O 1 1.0000000 1.0000 0.8166165 0.8166 0.9347893 3.2654
 | 9.6597 34.7665 36.7604 0.5588037 CN(C=CC=CC(O)=C1C(=O)c2ccccc2C1=O)c1ccccc1 1 1.0000000 1.0000 0.1775391 0.1775 0.9701673 2.7318
 | 7.4370 54.6422 44.3203 0.7731443 CC(=CC=CC(O)=C1C(=O)ON=C1C(F)(F)F)N(C)C 1 1.0000000 1.0000 0.5018807 0.5019 0.8655993 3.7866
23:11:58 <INFO> Sampled SMILES c12c(O)n(CC)c(O)c1C(C(=O)OC)(C)NC2CN(C)C(C)=CC(O)=OC failed to sanitize.
23:11:58 <INFO> Score: 0.50 Agent NLL: 13.81 Valid:  98% Step: 5
 | Agent Prior Target Score SMILES SMILES_state DASA DASA (raw) Solubility Solubility (raw) SA SA (raw)
 | 9.1005 52.4171 35.2729 0.6850780 CCCN(C=CC(C)=CC(O)=C1C(=O)ON=C1C)CCC 1 1.0000000 1.0000 0.3472827 0.3473 0.8738557 3.7391
 | 10.3440 62.9441 11.9467 0.5850841 CCCCN(C=CC(C)=CC(O)=C1C(=O)N(CC)C(=O)N(CC)C1=O)CCCC 1 1.0000000 1.0000 0.2083690 0.2084 0.9331214 3.2830
 | 21.9253 35.7519 -35.7391 0.0000999 CC1=NN(c2ccccc2)C(=O)C1=CC(O)C=Cc1ccccc1 1 0.0000000 0.0000 0.2745675 0.2746 0.9549283 3.0109
 | 8.6233 41.1152 71.1319 0.8769305 CN(C)C=CC=CC(O)=C1C(=O)N(C)C(=S)N(C)C1=O 1 1.0000000 1.0000 0.7028484 0.7028 0.9301632 3.3133
 | 11.4955 47.5669 66.6228 0.8921066 CCN1C(=O)C(=C(O)C=CC=CN(C)CCO)C(=O)N(C)C1=O 1 1.0000000 1.0000 0.7414200 0.7414 0.9269906 3.3445
 | 11.9595 46.8488 56.7710 0.8095294 CC(=CC=CC(O)=C1C(=O)N(C)C(=O)N(C)C1=O)N1CCCCC1 1 1.0000000 1.0000 0.5455392 0.5455 0.9523048 3.0495
 | 9.8191 41.8704 64.3564 0.8298966 CC(C=CN(C)C)=CC(O)=C1C(=O)OC(C)(C)OC1=O 1 1.0000000 1.0000 0.6012544 0.6013 0.9152168 3.4502
 | 13.2080 51.9414 60.5035 0.8784756 CC(C=CN(CCO)CCO)=CC(O)=C1C(=O)ON=C1C 1 1.0000000 1.0000 0.7457688 0.7458 0.8462982 3.8887
 | 15.5647 49.2988 14.5319 0.4986773 CC(=CC=CC(O)=C1C(=O)N(c2ccccc2)N=C1C)N1CCCCCC1 1 1.0000000 1.0000 0.1264842 0.1265 0.9660267 2.8192
 | 17.0910 26.7781 -26.7600 0.0001414 CCN1C(=O)CN(C(C)=O)CC(C)(C)C1=O 1 0.0000000 0.0000 0.7682443 0.7682 0.9769573 2.5590
23:11:59 <INFO> Sampled SMILES O=C1N(c2ccccc2)N=C(C)C1=C(C=CC=CC(=C1C(C)=NC(C)=C(C(=O)OC)C1=N)=O)O failed to sanitize.
23:11:59 <INFO> Score: 0.53 Agent NLL: 12.84 Valid:  98% Step: 6
 | Agent Prior Target Score SMILES SMILES_state DASA DASA (raw) Solubility Solubility (raw) SA SA (raw)
 | 16.7357 48.6433 -48.6263 0.0001329 CC=CC=CC#CC(O)=CC(O)=C1C(=O)NC(=O)NC1=O 1 0.0000000 0.0000 0.6912304 0.6912 0.8506945 3.8665
 | 10.7634 47.7906 51.1718 0.7731443 CC(=CC=CC(O)=C1C(=O)ON=C1C(F)(F)F)N(C)C 1 1.0000000 1.0000 0.5018807 0.5019 0.8655993 3.7866
 | 6.8564 44.7233 65.9379 0.8645409 O=C1NC(=S)NC(=O)C1=C(O)C=CC=CN1CCCCC1 1 1.0000000 1.0000 0.6711265 0.6711 0.9358717 3.2538
 | 10.5087 60.9025 14.1447 0.5863062 CCCCN(CCCC)C(C)=CC=CC(O)=C1C(=O)N(CC)C(=O)N(CC)C1=O 1 1.0000000 1.0000 0.2083690 0.2084 0.9433990 3.1672
 | 10.2241 52.6377 47.3295 0.7809939 CCN1C(=O)C(=C(O)C=C(C)C=CN2CCCC2)C(=O)N(CC)C1=O 1 1.0000000 1.0000 0.4948104 0.4948 0.9356905 3.2557
 | 11.2304 53.0785 16.6769 0.5449638 CC(C=CN1CCCCCC1)=CC(O)=C1C(=O)Nc2ccccc21 1 1.0000000 1.0000 0.1658936 0.1659 0.9576972 2.9677
 | 17.9172 51.4039 62.5867 0.8905518 C=CN(C)C=CC=CC(O)=C1C(=O)NNC1=O 1 1.0000000 1.0000 0.7929257 0.7929 0.8166834 4.0267
 | 6.8410 42.5555 71.2220 0.8888863 CC(=CC=CC(O)=C1C(=O)NC(=S)NC1=O)N1CCN(C)CC1 1 1.0000000 1.0000 0.7269101 0.7269 0.9415672 3.1892
 | 12.4457 54.1108 46.4840 0.7858968 CC(C=CN1CCCC1)=CC(O)=C1C(=O)ON=C1C 1 1.0000000 1.0000 0.5218126 0.5218 0.8810862 3.6953
 | 17.1081 56.0767 55.3572 0.8705775 CCN1C(=O)C(=C(O)C=CC=CN(C)C)C(=O)N(CCOC)C1=O 1 1.0000000 1.0000 0.6799124 0.6799 0.9488473 3.0975
23:12:00 <INFO> Score: 0.56 Agent NLL: 12.02 Valid: 100% Step: 7
 | Agent Prior Target Score SMILES SMILES_state DASA DASA (raw) Solubility Solubility (raw) SA SA (raw)
 | 12.6662 53.0704 31.6995 0.6622645 CCN1C(=O)C(=C(O)C=CC=CN2CCCc3ccccc32)C(=O)N(CC)C1=O 1 1.0000000 1.0000 0.2992061 0.2992 0.9494385 3.0895
 | 8.1489 46.5575 64.2260 0.8654963 CC(=CC=CC(O)=C1C(=O)NC(=S)NC1=O)N1CCCC1 1 1.0000000 1.0000 0.6711265 0.6711 0.9413145 3.1922
 | 18.1499 40.7544 -40.7435 0.0000853 CCN(C=CC(C)=CC=CN=C1CC(=O)c2ccccc2C1=O)CC 1 0.0000000 0.0000 0.1758441 0.1758 0.9116547 3.4795
 | 10.6034 25.0821 -25.0656 0.0001289 CCOC(O)=C1C(=O)Nc2ccccc21 1 0.0000000 0.0000 0.5799520 0.5800 0.9848459 2.2807
 | 15.2340 57.1825 -57.1686 0.0001092 CCN1C(=O)C(=C(C)C=C(O)C=CN(C)c2ccccc2)C(=O)N(C)C1=O 1 0.0000000 0.0000 0.3616952 0.3617 0.9405279 3.2014
 | 12.0316 50.7871 48.2702 0.7738848 CC(C=CN1CCCCCC1)=CC(O)=C1C(=O)N(C)C(=O)N(C)C1=O 1 1.0000000 1.0000 0.4802999 0.4803 0.9395149 3.2131
 | 7.6424 45.2405 63.1915 0.8471250 CN1C(=O)C(=C(O)C=CC=CN2CCSCC2)C(=O)N(C)C1=O 1 1.0000000 1.0000 0.6408074 0.6408 0.9119086 3.4775
 | 8.7681 46.4000 66.0170 0.8782571 CC1=NOC(=O)C1=C(O)C=CC=CN(C)CCO 1 1.0000000 1.0000 0.7387616 0.7388 0.8592733 3.8214
 | 20.3631 21.2904 -21.2769 0.0001050 O=C(NC(=S)Nc1ccccc1)Nc1ccccc1 1 0.0000000 0.0000 0.3115404 0.3115 0.9945627 1.6066
 | 7.3358 44.7070 62.4156 0.8368946 CN1C(=O)C(=C(O)C=CC=CN2CCCCC2)C(=O)N(C)C1=O 1 1.0000000 1.0000 0.6053218 0.6053 0.9452474 3.1443
23:12:01 <INFO> Score: 0.57 Agent NLL: 12.98 Valid: 100% Step: 8
 | Agent Prior Target Score SMILES SMILES_state DASA DASA (raw) Solubility Solubility (raw) SA SA (raw)
 | 14.7466 33.8097 -33.7934 0.0001274 CC(=O)Nc1cccc(N=c2c(=Nc3ccccc3)c(=O)n(C)c2=O)c1 1 0.0000000 0.0000 0.5656525 0.5657 0.9680104 2.7787
 | 12.9276 55.7134 2.1974 0.4524283 O=C1C(=C(O)C=CC=CN2CNc3ccccc32)C(C(F)(F)F)=NN1c1ccccc1 1 1.0000000 1.0000 0.0964042 0.0964 0.9321120 3.2935
 | 11.1475 42.3147 -42.2990 0.0001222 CC(C=CN1CCOCC1)=CC=CC(O)=C1C(=O)OC(C)(C)OC1=O 1 0.0000000 0.0000 0.5156856 0.5157 0.9122719 3.4745
 | 9.4195 41.5204 65.0352 0.8324655 CC(=CC=CC(O)=C1C(=O)OC(C)(C)OC1=O)N1CCOCC1 1 1.0000000 1.0000 0.5997601 0.5998 0.9342474 3.2712
 | 18.2632 32.4515 -32.4362 0.0001192 CC(C=CC=CN(C)C)=CN=C=S 1 0.0000000 0.0000 0.5132371 0.5132 0.8085479 4.0615
 | 14.5741 47.0336 38.5110 0.6683171 CCCN(C=CC=CC(O)=C1C(=O)OC(=C(C)C)C1=O)CCC 1 1.0000000 1.0000 0.3168637 0.3169 0.9008070 3.5628
 | 9.8901 50.7101 55.6363 0.8308313 CCN(C=CC=CC(O)=C1C(=O)N(C)C(=O)N(CC)C1=O)CC 1 1.0000000 1.0000 0.5961884 0.5962 0.9343750 3.2698
 | 11.9439 46.8709 58.7533 0.8251890 CCN(C=CC(C)=CC(O)=C1C(=O)N(C)C(=O)N(C)C1=O)CC 1 1.0000000 1.0000 0.5885762 0.5886 0.9220419 3.3907
 | 23.0550 36.4036 -36.3935 0.0000791 CC(=CC=CC(=O)c1ccc(Cl)c(C(F)(F)F)c1)N(C)C 1 0.0000000 0.0000 0.1352876 0.1353 0.9689939 2.7577
 | 15.6185 23.4362 -23.4185 0.0001380 CON=c1c(=O)n(C)c2ccccc2n1C 1 0.0000000 0.0000 0.7164310 0.7164 0.9734744 2.6530
23:12:02 <INFO> Score: 0.51 Agent NLL: 12.52 Valid: 100% Step: 9
 | Agent Prior Target Score SMILES SMILES_state DASA DASA (raw) Solubility Solubility (raw) SA SA (raw)
 | 9.5795 41.3456 73.4471 0.8968185 CC(C=CN1CCOCC1)=CC(O)=C1C(=O)NC(=O)NC1=O 1 1.0000000 1.0000 0.7527922 0.7528 0.9279349 3.3353
 | 11.9722 17.5452 -17.5268 0.0001441 COC1=CC(=O)C(OC)=CC1=O 1 0.0000000 0.0000 0.8119064 0.8119 0.9791784 2.4915
 | 6.7711 43.4599 76.3152 0.9357431 O=C1NNC(=O)C1=C(O)C=CC=CN(CCO)CCO 1 1.0000000 1.0000 0.8837168 0.8837 0.8760409 3.7261
 | 17.0980 46.9505 57.7801 0.8182079 CC(=CC=CC(O)=C1C(=O)C2C(C(C)O)C(=O)N2C1C(=O)O)N(C)C 1 1.0000000 1.0000 0.7297638 0.7298 0.6052922 4.7215
 | 6.8096 46.5559 48.3912 0.7417746 CCN(C=CC=CC(O)=C1C(=O)ON=C1C(F)(F)F)CC 1 1.0000000 1.0000 0.4413236 0.4413 0.8721734 3.7490
 | 14.9292 57.4571 -57.4460 0.0000867 CCN(CC)C(C)=CC=CC(O)=CC(O)=C1C(=O)Nc2ccccc21 1 0.0000000 0.0000 0.1820376 0.1820 0.9335586 3.2784
 | 5.6792 42.9598 60.0428 0.8047074 CC1(C)OC(=O)C(=C(O)C=CC=CN2CCSCC2)C(=O)O1 1 1.0000000 1.0000 0.5568551 0.5569 0.8903290 3.6358
 | 6.7355 45.5340 51.9872 0.7618843 CN1C(=O)C(=C(O)C=CC=CN(C)c2ccccc2)C(=O)N(C)C1=S 1 1.0000000 1.0000 0.4561306 0.4561 0.9473516 3.1173
 | 9.3355 51.1904 57.9136 0.8523751 CCN1C(=O)C(=C(O)C=CC=CN2CCOCC2)C(=O)N(CC)C1=O 1 1.0000000 1.0000 0.6409668 0.6410 0.9415624 3.1893
 | 9.0331 48.0085 67.3515 0.9012504 CC(C=CN(C)C)=CC(O)=C1C(=O)NC(=O)NC1=O 1 1.0000000 1.0000 0.7621180 0.7621 0.9319656 3.2950
23:12:02 <INFO> Score: 0.56 Agent NLL: 12.12 Valid: 100% Step: 10
 | Agent Prior Target Score SMILES SMILES_state DASA DASA (raw) Solubility Solubility (raw) SA SA (raw)
 | 8.9608 49.5135 54.4412 0.8121465 CCN1C(=O)C(=C(O)C=CC=CN2CCCCC2)C(=O)N(C)C1=O 1 1.0000000 1.0000 0.5531688 0.5532 0.9453214 3.1434
 | 7.8876 54.8286 52.0341 0.8348646 CC(C=CN1CCN(C)CC1)=CC(O)=C1C(=O)ON=C1C 1 1.0000000 1.0000 0.6215260 0.6215 0.8911079 3.6306
 | 8.9618 42.2504 43.4333 0.6694041 CCN(C=CC=CC(O)=C1C(=O)OC(C)(C)OC1=O)c1ccccc1 1 1.0000000 1.0000 0.3106805 0.3107 0.9404038 3.2029
 | 9.1577 41.6431 63.2486 0.8194657 CN(C=CC=CC(O)=C1C(=O)NC(=S)NC1=O)c1ccccc1 1 1.0000000 1.0000 0.5670111 0.5670 0.9489673 3.0959
 | 25.4462 36.9096 -36.8931 0.0001282 CC1=NOC(=CC=CC=CC(O)=NO)N1 1 0.0000000 0.0000 0.7015084 0.7015 0.6862483 4.4902
 | 7.8299 46.4170 38.3411 0.6621725 CN1CCN(C=CC=CC(O)=C2C(=O)N(c3ccccc3)N=C2C(F)(F)F)CC1 1 1.0000000 1.0000 0.2991366 0.2991 0.9491320 3.0937
 | 10.1065 24.9650 -24.9496 0.0001203 CC1(C)OC(=O)C(=C(O)C=Cc2ccccc2)C(=O)O1 1 0.0000000 0.0000 0.4732079 0.4732 0.9756110 2.5969
 | 16.0263 25.4599 -25.4432 0.0001305 C=C(C)CCN(C)C(C)C 1 0.0000000 0.0000 0.6050250 0.6050 0.9753271 2.6046
 | 26.2443 48.0440 -48.0302 0.0001074 CC(=CC=CN(C)C)C=C(O)C(F)=C1C=C(C)C(=O)O1 1 0.0000000 0.0000 0.3697783 0.3698 0.8303525 3.9654
 | 9.3244 56.5145 53.6212 0.8604349 CC(=CC=CC(O)=C1C(=O)ON=C1C)N(C)CCO 1 1.0000000 1.0000 0.6909690 0.6910 0.8673955 3.7765
23:12:03 <INFO> Sampled SMILES OC(=c1sc2c(c(O)n(C)c2=O)c1=C(O)O)C failed to sanitize.
23:12:03 <INFO> Score: 0.50 Agent NLL: 12.64 Valid:  98% Step: 11
 | Agent Prior Target Score SMILES SMILES_state DASA DASA (raw) Solubility Solubility (raw) SA SA (raw)
 | 20.9508 25.5072 -25.4884 0.0001470 CCOC(=O)NCC1OC(O)C(O)C(O)C1O 1 0.0000000 0.0000 0.9093334 0.9093 0.8923664 3.6221
 | 5.8831 44.1250 65.2699 0.8546474 CC(C=CN(C)C)=CC(O)=C1C(=O)N(C)C(=S)N(C)C1=O 1 1.0000000 1.0000 0.6541581 0.6542 0.9213758 3.3967
 | 12.9903 39.1226 67.1076 0.8299234 CC(C=CN1CCN(C)CC1)=CC(O)=C1C(=O)OC(C)(C)OC1=O 1 1.0000000 1.0000 0.6002373 0.6002 0.9180878 3.4257
 | 31.5432 33.7887 -33.7792 0.0000740 COc1ccc2c(c1)C1Cc3ccccc3C1(C(=O)O)N2C(=O)OCc1ccccc1 1 0.0000000 0.0000 0.1135129 0.1135 0.9264444 3.3497
 | 17.8041 58.3415 -9.5536 0.3811560 CCCCCCCCCCN(C=CC=CC(O)=C1C(=O)NNC1=O)CCCCCCCC 1 1.0000000 1.0000 0.0573416 0.0573 0.9407356 3.1990
 | 6.2417 40.1907 74.5823 0.8966642 CC1(C)OC(=O)C(=C(O)C=CC=CN(CCO)CCO)C(=O)O1 1 1.0000000 1.0000 0.7647152 0.7647 0.9019492 3.5544
 | 12.9202 21.8003 -21.7822 0.0001414 CN(C)C=CC(=O)C=CN(C)C 1 0.0000000 0.0000 0.7849289 0.7849 0.9433715 3.1675
 | 23.6722 35.0324 -35.0188 0.0001062 CC1=NC(C)=C(N=[N+]=[N-])C(c2ccccc2N)C1C(=O)O 1 0.0000000 0.0000 0.3537595 0.3538 0.8445487 3.8975
 | 8.5042 54.1375 51.5847 0.8259551 CC(=CC=CC(O)=C1C(=O)NNC1=O)N(C)c1ccccc1 1 1.0000000 1.0000 0.5854298 0.5854 0.9352775 3.2602
 | 7.3592 52.1581 66.6879 0.9284837 O=C1NC(=S)NC(=O)C1=C(O)C=CC=CN(CCO)CCO 1 1.0000000 1.0000 0.8468843 0.8469 0.9059886 3.5241
23:12:03 <INFO> Sampled SMILES C1(C(N)=O)CCN(C(=O)C=C(C)C=C(C)C=CN(C)CCO)=CC1 failed to sanitize.
23:12:04 <INFO> Score: 0.52 Agent NLL: 11.58 Valid:  98% Step: 12
 | Agent Prior Target Score SMILES SMILES_state DASA DASA (raw) Solubility Solubility (raw) SA SA (raw)
 | 8.1969 47.5173 47.9861 0.7461207 CC(C=CN1CCCCC1)=CC(O)=C1C(=O)OC(C)(C)OC1=O 1 1.0000000 1.0000 0.4351955 0.4352 0.9216158 3.3945
 | 8.8776 42.3083 61.3112 0.8095281 CN(C)C=CC=CC(O)=C1C(=O)ON=C1C(F)(F)F 1 1.0000000 1.0000 0.5707058 0.5707 0.8800269 3.7019
 | 7.7642 42.1451 70.2147 0.8778114 O=C1NC(=O)C(=C(O)C=CC=CN2CCCCC2)C(=O)N1 1 1.0000000 1.0000 0.6986422 0.6986 0.9449534 3.1480
 | 21.9836 30.6865 -30.6703 0.0001265 CC(=O)OCOC(C)=C1C(=O)N(C)c2ccccc21 1 0.0000000 0.0000 0.5510399 0.5510 0.9761508 2.5819
 | 11.9089 42.9201 55.2923 0.7672847 CCCCN(CCCC)C(C)=CC=CC(O)=C1C(=O)NC(=O)NC1=O 1 1.0000000 1.0000 0.4668738 0.4669 0.9438924 3.1611
 | 12.0228 50.5872 47.6124 0.7671839 CCN(C=CC(C)=CC(O)=C1C(=O)ON=C1C)CC 1 1.0000000 1.0000 0.4928463 0.4928 0.8579803 3.8283
 | 23.2894 23.6980 -23.6802 0.0001394 CN(C(=O)NN)c1ccccc1 1 0.0000000 0.0000 0.7306094 0.7306 0.9892952 2.0514
 | 7.7126 44.9128 67.3762 0.8772579 CCN(C=CC=CC(O)=C1C(=O)NC(=S)NC1=O)CC 1 1.0000000 1.0000 0.7085979 0.7086 0.9187947 3.4195
 | 23.2479 25.7390 -25.7252 0.0001078 CC(c1ccc(OCc2ccccc2)cc1)N(O)C=O 1 0.0000000 0.0000 0.3403637 0.3404 0.9800491 2.4631
 | 11.2844 41.5924 77.0356 0.9267814 CN(C=CC=CC(O)=C1C(=O)NC(=O)NC1=O)CCO 1 1.0000000 1.0000 0.8336890 0.8337 0.9223033 3.3883
23:12:04 <WARN> Maximum number of steps of 12 reached in stage 1. Terminating all stages.
23:12:04 <INFO> Peak main memory usage: 1101.547 MiB
23:12:04 <INFO> Finished REINVENT on 2026-07-13
