23:20:07 <INFO> Started REINVENT 4.7.15 (C) AstraZeneca 2017, 2023 on 2026-07-13
23:20:07 <INFO> Command line: /Users/hakeemshindy/miniconda3/envs/reinvent4/bin/reinvent -d cpu -l outputs_dasa/verify3/s2.log outputs_dasa/verify3/s2.toml
23:20:07 <INFO> Reading run configuration from /Users/hakeemshindy/Downloads/REINVENT4_photochem/outputs_dasa/verify3/s2.toml using format toml
23:20:07 <INFO> User hakeemshindy on host Mac.lan
23:20:07 <INFO> Python version 3.10.20
23:20:07 <INFO> PyTorch version 2.9.1, git 5811a8d7da873dd699ff6687092c225caffcf1bb
23:20:07 <INFO> PyTorch compiled with CUDA version None
23:20:07 <INFO> RDKit version 2026.03.1
23:20:07 <INFO> Platform macOS-26.4-arm64-arm-64bit
23:20:07 <INFO> Number of PyTorch CUDA devices 0
23:20:07 <WARN> 'use_cuda' is deprecated, use 'device' instead
23:20:07 <INFO> Using CPU arm
23:20:07 <INFO> Starting 1 stage of Reinforcement Learning
23:20:07 <ERRO> /Users/hakeemshindy/Downloads/REINVENT4_photochem/reinvent.prior has invalid hash:
{ 'comments': [],
  'creation_date': 0,
  'date_format': 'UNIX epoch',
  'hash_id': '173568c36e1fc3d95cab289c7d31ce0b',
  'hash_id_format': 'xxhash.xxh3_128_hex 3.4.1',
  'model_id': '55d68f8a81c04f5a86304ebe1723a0ea',
  'model_id_format': 'uuid.uuid4 3.10.12',
  'origina_data_source': 'ChEMBL 25',
  'updates': []}
23:20:07 <INFO> Number of network parameters: 5,805,602
23:20:07 <INFO> Network architecture:
RNN(
  (_embedding): Embedding(34, 256)
  (_rnn): LSTM(256, 512, num_layers=3, batch_first=True)
  (_linear): Linear(in_features=512, out_features=34, bias=True)
)
23:20:07 <INFO> /Users/hakeemshindy/Downloads/REINVENT4_photochem/outputs_dasa/verify3/s1.chkpt has valid hash:
{ 'comments': ['TL', 'RL', 'RL'],
  'creation_date': 0,
  'date_format': 'UNIX epoch',
  'hash_id': 'ead03866b3373794f9d2d028d8415bf8',
  'hash_id_format': 'xxhash.xxh3_128_hex 3.6.0',
  'model_id': '55d68f8a81c04f5a86304ebe1723a0ea',
  'model_id_format': 'uuid.uuid4 3.10.12',
  'origina_data_source': 'ChEMBL 25',
  'updates': [1783998373.960653, 1783998724.457675, 1783998724.50101]}
23:20:07 <INFO> Number of network parameters: 5,805,602
23:20:07 <INFO> Network architecture:
RNN(
  (_embedding): Embedding(34, 256)
  (_rnn): LSTM(256, 512, num_layers=3, batch_first=True)
  (_linear): Linear(in_features=512, out_features=34, bias=True)
)
23:20:07 <INFO> Using generator Reinvent
23:20:07 <INFO> Prior read from /Users/hakeemshindy/Downloads/REINVENT4_photochem/reinvent.prior
23:20:07 <INFO> Agent read from outputs_dasa/verify3/s1.chkpt
23:20:07 <INFO> Using reward strategy dap
23:20:07 <INFO> Purging diversity filter memories after each stage
23:20:07 <WARN> Inception disabled but may speed up convergence
23:20:07 <INFO> Registered scoring component ROCSSimilarity
23:20:07 <INFO> Registered scoring component GroupCount
23:20:07 <INFO> Registered scoring component FragmentQed
23:20:07 <INFO> Registered scoring component FragmentSlogP
23:20:07 <INFO> Registered scoring component FragmentMolecularWeight
23:20:07 <INFO> Registered scoring component FragmentTPSA
23:20:07 <INFO> Registered scoring component FragmentDistanceMatrix
23:20:07 <INFO> Registered scoring component FragmentNumAtomStereoCenters
23:20:07 <INFO> Registered scoring component FragmentHBondAcceptors
23:20:07 <INFO> Registered scoring component FragmentHBondDonors
23:20:07 <INFO> Registered scoring component FragmentNumRotBond
23:20:07 <INFO> Registered scoring component FragmentCsp3
23:20:07 <INFO> Registered scoring component Fragmentnumsp
23:20:07 <INFO> Registered scoring component Fragmentnumsp2
23:20:07 <INFO> Registered scoring component Fragmentnumsp3
23:20:07 <INFO> Registered scoring component FragmentEffectiveLength
23:20:07 <INFO> Registered scoring component FragmentGraphLength
23:20:07 <INFO> Registered scoring component FragmentLengthRatio
23:20:07 <INFO> Registered scoring component FragmentNumHeavyAtoms
23:20:07 <INFO> Registered scoring component FragmentNumHeteroAtoms
23:20:07 <INFO> Registered scoring component FragmentNumRings
23:20:07 <INFO> Registered scoring component FragmentNumAromaticRings
23:20:07 <INFO> Registered scoring component FragmentNumAliphaticRings
23:20:07 <INFO> Registered scoring component FragmentSlogP
23:20:07 <INFO> Registered scoring component MatchingSubstructure
23:20:07 <INFO> Registered scoring component MolVolume
23:20:07 <INFO> Registered scoring component Qed
23:20:07 <INFO> Registered scoring component LargestRingSize
23:20:07 <INFO> Registered scoring component MolecularWeight
23:20:07 <INFO> Registered scoring component GraphLength
23:20:07 <INFO> Registered scoring component NumAtomStereoCenters
23:20:07 <INFO> Registered scoring component HBondAcceptors
23:20:07 <INFO> Registered scoring component HBondDonors
23:20:07 <INFO> Registered scoring component NumRotBond
23:20:07 <INFO> Registered scoring component Csp3
23:20:07 <INFO> Registered scoring component numsp
23:20:07 <INFO> Registered scoring component numsp2
23:20:07 <INFO> Registered scoring component numsp3
23:20:07 <INFO> Registered scoring component NumHeavyAtoms
23:20:07 <INFO> Registered scoring component NumHeteroAtoms
23:20:07 <INFO> Registered scoring component NumRings
23:20:07 <INFO> Registered scoring component NumAromaticRings
23:20:07 <INFO> Registered scoring component NumAliphaticRings
23:20:07 <INFO> Registered scoring component SlogP
23:20:07 <INFO> Registered scoring component LargestRingSize
23:20:07 <INFO> Registered scoring component PMI
23:20:07 <INFO> Registered scoring component RDKitDescriptors
23:20:07 <INFO> Registered scoring component TanimotoSimilarity
23:20:07 <INFO> Registered scoring component TanimotoDistance
23:20:07 <INFO> Registered scoring component TPSA
23:20:07 <INFO> Registered scoring component SAScore
23:20:08 <ERRO> Component reinvent_plugins.components.comp_chemprop could not be imported: numpy.dtype size changed, may indicate binary incompatibility. Expected 96 from C header, got 88 from PyObject
23:20:08 <INFO> Registered scoring component CustomAlerts
23:20:08 <INFO> Registered scoring component DockStream
23:20:08 <INFO> Registered scoring component ExternalProcess
23:20:08 <INFO> Registered scoring component REST
23:20:08 <INFO> Registered scoring component Icolos
23:20:08 <INFO> Registered scoring component MMP
23:20:08 <INFO> Registered scoring component Qptuna
23:20:08 <INFO> Registered scoring component ReactionFilter
23:20:08 <INFO> Registered scoring component RingPrecedence
23:20:08 <INFO> Registered scoring component Maize
23:20:08 <INFO> Registered scoring component SynthSense
23:20:08 <INFO> Registered scoring component CAZP
23:20:08 <INFO> Registered scoring component AqueousSolubility
23:20:08 <INFO> Registered scoring component DASAScaffold
23:20:08 <INFO> Registered scoring component DASASwitchability
23:20:08 <INFO> Registered scoring component HalfLifeChemProp
23:20:08 <INFO> Registered scoring component PhotoswitchScaffold
23:20:08 <INFO> Registered scoring component VisibleAbsChemProp
23:20:08 <INFO> Registered scoring component XTBHomoLumo
23:20:08 <INFO> Registered scoring component XTBIsomerGap
23:20:08 <INFO> Registered scoring component XTBLambdaFilter
23:20:08 <INFO> Creating scoring component DASAScaffold
23:20:08 <INFO> Creating scoring component AqueousSolubility
23:20:08 <INFO> Creating scoring component XTBHomoLumo
23:20:08 <INFO> Creating scoring component DASASwitchability
23:20:08 <INFO> Writing tabular data for stage to outputs_dasa/verify3/stage2_1.csv
23:20:08 <INFO> Starting stage 1 <<<
23:20:10 <INFO> Score: 0.67 Agent NLL: 10.10 Valid: 100% Step: 1
 | Agent Prior Target Score SMILES SMILES_state DASA DASA (raw) Solubility Solubility (raw) xTB_Gap xTB_Gap (raw) WaterSwitch WaterSwitch (raw)
 | 7.7493 42.1274 53.9429 0.7505497 CC1(C)OC(=O)C(=C(O)C=CC=CN2CCOCC2)C(=O)O1 1 1.0000000 1.0000 0.6540733 0.6541 0.9944106 0.9944 0.5231169 0.5231
 | 8.9296 55.4220 4.5898 0.4688427 CC(=CC=CC(O)=C1C(=O)ON=C1C(F)(F)F)N1CCSCC1 1 1.0000000 1.0000 0.3855061 0.3855 0.4370752 0.4371 0.2162642 0.2163
 | 9.6826 39.4363 57.6143 0.7582083 CN1CCN(C=CC=CC(O)=C2C(=O)OC(C)(C)OC2=O)CC1 1 1.0000000 1.0000 0.6534698 0.6535 0.9999234 0.9999 0.5406044 0.5406
 | 9.3371 45.7123 45.0158 0.7088130 CC(C=CN1CCCCC1)=CC(O)=C1C(=O)NC(=O)NC1=O 1 1.0000000 1.0000 0.6490593 0.6491 0.1840058 0.1840 0.8166189 0.8166
 | 11.1985 45.7998 51.3188 0.7587388 CC(C=CN1CCSCC1)=CC(O)=C1C(=O)NC(=S)NC1=O 1 1.0000000 1.0000 0.6525392 0.6525 0.4459921 0.4460 0.7342754 0.7343
 | 11.8675 55.0703 22.1767 0.6034925 CCN1C(=O)C(=C(O)C=CC=CN2CCCc3ccccc32)C(=O)N(CC)C1=O 1 1.0000000 1.0000 0.2992061 0.2992 0.9620006 0.9620 0.4561408 0.4561
 | 8.5272 44.3779 70.0826 0.8942226 O=C1NC(=O)C(=C(O)C=CC=CN(CCO)CCO)C(=O)N1 1 1.0000000 1.0000 0.8626767 0.8627 0.7164379 0.7164 0.8680626 0.8681
 | 13.5435 34.3047 17.8276 0.4072838 CCCN(CCC)C(C)=CC=CC(O)=C1C(=O)c2ccccc2C1=O 1 1.0000000 1.0000 0.1498035 0.1498 0.3128783 0.3129 0.3097388 0.3097
23:20:12 <INFO> Score: 0.71 Agent NLL: 10.71 Valid: 100% Step: 2
 | Agent Prior Target Score SMILES SMILES_state DASA DASA (raw) Solubility Solubility (raw) xTB_Gap xTB_Gap (raw) WaterSwitch WaterSwitch (raw)
 | 12.0662 42.8250 60.5052 0.8072673 CCN(CC)C(C)=CC=CC(O)=C1C(=O)NC(=O)NC1=O 1 1.0000000 1.0000 0.6878928 0.6879 0.4313492 0.4313 0.8810126 0.8810
 | 10.5544 46.9876 44.6052 0.7155690 O=C1NC(=S)NC(=O)C1=C(O)C=CC=CN1CCc2ccccc21 1 1.0000000 1.0000 0.5602230 0.5602 0.3722732 0.3723 0.7229447 0.7229
 | 7.9267 48.0896 46.7499 0.7409334 O=C1ON=C(C(F)(F)F)C1=C(O)C=CC=CN(CCO)CCO 1 1.0000000 1.0000 0.7054237 0.7054 0.7499400 0.7499 0.5260563 0.5261
 | 15.1812 49.1429 11.9976 0.4776602 CC(C=CN1CCCCCC1)=CC(O)=C1C(=O)Nc2ccccc21 1 1.0000000 1.0000 0.1658936 0.1659 0.9946395 0.9946 0.3184417 0.3184
 | 6.6767 42.1833 67.2654 0.8550678 CCN(C=CC=CC(O)=C1C(=O)NC(=O)NC1=O)CC 1 1.0000000 1.0000 0.7344686 0.7345 0.9868584 0.9869 0.7467520 0.7468
 | 11.2996 54.0438 35.0459 0.6960136 CCCN(C=CC(C)=CC(O)=C1C(=O)N(C)C(=O)N(C)C1=O)CCC 1 1.0000000 1.0000 0.4690246 0.4690 0.7697740 0.7698 0.5728644 0.5729
 | 12.7483 45.7699 36.8902 0.6457816 CC(C=CN(C)C)=CC(O)=C1C(=O)N(C)C(=S)N(C)C1=O 1 1.0000000 1.0000 0.6541581 0.6542 0.2062688 0.2063 0.5680213 0.5680
 | 9.2066 36.5492 59.2865 0.7487165 CC1(C)OC(=O)C(=C(O)C=CC=CN2CCCCC2)C(=O)O1 1 1.0000000 1.0000 0.5067663 0.5068 0.9994113 0.9994 0.6270633 0.6271
23:20:12 <WARN> Maximum number of steps of 2 reached in stage 1. Terminating all stages.
23:20:12 <INFO> Peak main memory usage: 650.625 MiB
23:20:12 <INFO> Finished REINVENT on 2026-07-13
