23:20:15 <INFO> Started REINVENT 4.7.15 (C) AstraZeneca 2017, 2023 on 2026-07-13
23:20:15 <INFO> Command line: /Users/hakeemshindy/miniconda3/envs/reinvent4/bin/reinvent -d cpu -l outputs_dasa/verify3/s3.log outputs_dasa/verify3/s3.toml
23:20:15 <INFO> Reading run configuration from /Users/hakeemshindy/Downloads/REINVENT4_photochem/outputs_dasa/verify3/s3.toml using format toml
23:20:15 <INFO> User hakeemshindy on host Mac.lan
23:20:15 <INFO> Python version 3.10.20
23:20:15 <INFO> PyTorch version 2.9.1, git 5811a8d7da873dd699ff6687092c225caffcf1bb
23:20:15 <INFO> PyTorch compiled with CUDA version None
23:20:15 <INFO> RDKit version 2026.03.1
23:20:15 <INFO> Platform macOS-26.4-arm64-arm-64bit
23:20:15 <INFO> Number of PyTorch CUDA devices 0
23:20:15 <WARN> 'use_cuda' is deprecated, use 'device' instead
23:20:15 <INFO> Using CPU arm
23:20:15 <INFO> Starting 1 stage of Reinforcement Learning
23:20:15 <ERRO> /Users/hakeemshindy/Downloads/REINVENT4_photochem/reinvent.prior has invalid hash:
{ 'comments': [],
  'creation_date': 0,
  'date_format': 'UNIX epoch',
  'hash_id': '173568c36e1fc3d95cab289c7d31ce0b',
  'hash_id_format': 'xxhash.xxh3_128_hex 3.4.1',
  'model_id': '55d68f8a81c04f5a86304ebe1723a0ea',
  'model_id_format': 'uuid.uuid4 3.10.12',
  'origina_data_source': 'ChEMBL 25',
  'updates': []}
23:20:15 <INFO> Number of network parameters: 5,805,602
23:20:15 <INFO> Network architecture:
RNN(
  (_embedding): Embedding(34, 256)
  (_rnn): LSTM(256, 512, num_layers=3, batch_first=True)
  (_linear): Linear(in_features=512, out_features=34, bias=True)
)
23:20:15 <INFO> /Users/hakeemshindy/Downloads/REINVENT4_photochem/outputs_dasa/verify3/s2.chkpt has valid hash:
{ 'comments': ['TL', 'RL', 'RL', 'RL', 'RL'],
  'creation_date': 0,
  'date_format': 'UNIX epoch',
  'hash_id': '4c363e81e88e5a8172525ca3300b25fd',
  'hash_id_format': 'xxhash.xxh3_128_hex 3.6.0',
  'model_id': '55d68f8a81c04f5a86304ebe1723a0ea',
  'model_id_format': 'uuid.uuid4 3.10.12',
  'origina_data_source': 'ChEMBL 25',
  'updates': [ 1783998373.960653,
               1783998724.457675,
               1783998724.50101,
               1783999212.0007129,
               1783999212.055692]}
23:20:15 <INFO> Number of network parameters: 5,805,602
23:20:15 <INFO> Network architecture:
RNN(
  (_embedding): Embedding(34, 256)
  (_rnn): LSTM(256, 512, num_layers=3, batch_first=True)
  (_linear): Linear(in_features=512, out_features=34, bias=True)
)
23:20:15 <INFO> Using generator Reinvent
23:20:15 <INFO> Prior read from /Users/hakeemshindy/Downloads/REINVENT4_photochem/reinvent.prior
23:20:15 <INFO> Agent read from outputs_dasa/verify3/s2.chkpt
23:20:15 <INFO> Using reward strategy dap
23:20:15 <INFO> Purging diversity filter memories after each stage
23:20:15 <WARN> Inception disabled but may speed up convergence
23:20:15 <INFO> Registered scoring component ROCSSimilarity
23:20:15 <INFO> Registered scoring component GroupCount
23:20:15 <INFO> Registered scoring component FragmentQed
23:20:15 <INFO> Registered scoring component FragmentSlogP
23:20:15 <INFO> Registered scoring component FragmentMolecularWeight
23:20:15 <INFO> Registered scoring component FragmentTPSA
23:20:15 <INFO> Registered scoring component FragmentDistanceMatrix
23:20:15 <INFO> Registered scoring component FragmentNumAtomStereoCenters
23:20:15 <INFO> Registered scoring component FragmentHBondAcceptors
23:20:15 <INFO> Registered scoring component FragmentHBondDonors
23:20:15 <INFO> Registered scoring component FragmentNumRotBond
23:20:15 <INFO> Registered scoring component FragmentCsp3
23:20:15 <INFO> Registered scoring component Fragmentnumsp
23:20:15 <INFO> Registered scoring component Fragmentnumsp2
23:20:15 <INFO> Registered scoring component Fragmentnumsp3
23:20:15 <INFO> Registered scoring component FragmentEffectiveLength
23:20:15 <INFO> Registered scoring component FragmentGraphLength
23:20:15 <INFO> Registered scoring component FragmentLengthRatio
23:20:15 <INFO> Registered scoring component FragmentNumHeavyAtoms
23:20:15 <INFO> Registered scoring component FragmentNumHeteroAtoms
23:20:15 <INFO> Registered scoring component FragmentNumRings
23:20:15 <INFO> Registered scoring component FragmentNumAromaticRings
23:20:15 <INFO> Registered scoring component FragmentNumAliphaticRings
23:20:15 <INFO> Registered scoring component FragmentSlogP
23:20:15 <INFO> Registered scoring component MatchingSubstructure
23:20:15 <INFO> Registered scoring component MolVolume
23:20:15 <INFO> Registered scoring component Qed
23:20:15 <INFO> Registered scoring component LargestRingSize
23:20:15 <INFO> Registered scoring component MolecularWeight
23:20:15 <INFO> Registered scoring component GraphLength
23:20:15 <INFO> Registered scoring component NumAtomStereoCenters
23:20:15 <INFO> Registered scoring component HBondAcceptors
23:20:15 <INFO> Registered scoring component HBondDonors
23:20:15 <INFO> Registered scoring component NumRotBond
23:20:15 <INFO> Registered scoring component Csp3
23:20:15 <INFO> Registered scoring component numsp
23:20:15 <INFO> Registered scoring component numsp2
23:20:15 <INFO> Registered scoring component numsp3
23:20:15 <INFO> Registered scoring component NumHeavyAtoms
23:20:15 <INFO> Registered scoring component NumHeteroAtoms
23:20:15 <INFO> Registered scoring component NumRings
23:20:15 <INFO> Registered scoring component NumAromaticRings
23:20:15 <INFO> Registered scoring component NumAliphaticRings
23:20:15 <INFO> Registered scoring component SlogP
23:20:15 <INFO> Registered scoring component LargestRingSize
23:20:15 <INFO> Registered scoring component PMI
23:20:15 <INFO> Registered scoring component RDKitDescriptors
23:20:15 <INFO> Registered scoring component TanimotoSimilarity
23:20:15 <INFO> Registered scoring component TanimotoDistance
23:20:15 <INFO> Registered scoring component TPSA
23:20:15 <INFO> Registered scoring component SAScore
23:20:15 <ERRO> Component reinvent_plugins.components.comp_chemprop could not be imported: numpy.dtype size changed, may indicate binary incompatibility. Expected 96 from C header, got 88 from PyObject
23:20:15 <INFO> Registered scoring component CustomAlerts
23:20:15 <INFO> Registered scoring component DockStream
23:20:15 <INFO> Registered scoring component ExternalProcess
23:20:15 <INFO> Registered scoring component REST
23:20:15 <INFO> Registered scoring component Icolos
23:20:15 <INFO> Registered scoring component MMP
23:20:15 <INFO> Registered scoring component Qptuna
23:20:15 <INFO> Registered scoring component ReactionFilter
23:20:15 <INFO> Registered scoring component RingPrecedence
23:20:15 <INFO> Registered scoring component Maize
23:20:15 <INFO> Registered scoring component SynthSense
23:20:15 <INFO> Registered scoring component CAZP
23:20:15 <INFO> Registered scoring component AqueousSolubility
23:20:15 <INFO> Registered scoring component DASAScaffold
23:20:15 <INFO> Registered scoring component DASASwitchability
23:20:15 <INFO> Registered scoring component HalfLifeChemProp
23:20:15 <INFO> Registered scoring component PhotoswitchScaffold
23:20:15 <INFO> Registered scoring component VisibleAbsChemProp
23:20:15 <INFO> Registered scoring component XTBHomoLumo
23:20:15 <INFO> Registered scoring component XTBIsomerGap
23:20:15 <INFO> Registered scoring component XTBLambdaFilter
23:20:15 <INFO> Creating scoring component DASAScaffold
23:20:15 <INFO> Creating scoring component AqueousSolubility
23:20:15 <INFO> Creating scoring component SAScore
23:20:15 <INFO> Writing tabular data for stage to outputs_dasa/verify3/stage3_1.csv
23:20:15 <INFO> Starting stage 1 <<<
23:20:16 <INFO> Sampled SMILES C1(=C2C(=O)SC(=C(C(O)=O)C)=C2)C(=O)NC(=S)NC1=O failed to sanitize.
23:20:17 <INFO> Score: 0.62 Agent NLL: 12.05 Valid:  98% Step: 1
 | Agent Prior Target Score SMILES SMILES_state DASA DASA (raw) Solubility Solubility (raw) SA SA (raw)
 | 5.4910 43.9155 75.7010 0.9345043 CN(C=CC=CC(O)=C1C(=O)NC(=O)C1=O)CCO 1 1.0000000 1.0000 0.8488452 0.8488 0.9158986 3.4444
 | 9.8113 55.2823 53.2977 0.8482811 CCN1C(=O)C(=C(O)C=CC=C(C)N2CCN(C)CC2)C(=O)N(CC)C1=O 1 1.0000000 1.0000 0.5869781 0.5870 0.9495567 3.0879
 | 7.8448 54.6422 46.9225 0.7934741 CC(=CC=CC(O)=C1C(=O)ON=C1C(F)(F)F)N(C)C 1 1.0000000 1.0000 0.5018807 0.5019 0.8655993 3.7866
 | 6.7581 39.9453 77.0843 0.9142940 CN(C)C=CC=CC(O)=C1C(=O)NC(=S)NC1=O 1 1.0000000 1.0000 0.7778389 0.7778 0.9278829 3.3358
 | 9.4085 27.3748 -27.3569 0.0001398 O=C1NC(=S)NC(=O)C1=C(O)c1ccccc1 1 0.0000000 0.0000 0.7059028 0.7059 0.9836344 2.3316
 | 6.8082 42.8875 68.8233 0.8727403 O=C1NC(=O)C(=C(O)C=CC=CN2CCCCCC2)C(=O)N1 1 1.0000000 1.0000 0.6490593 0.6491 0.9483655 3.1039
 | 24.3400 22.0846 -22.0666 0.0001399 CN(C)Cc1cccc(C=NO)n1 1 0.0000000 0.0000 0.7150693 0.7151 0.9723947 2.6797
 | 20.7749 22.4592 -22.4431 0.0001257 O=CN(Cc1ccccc1)C1CCCC1 1 0.0000000 0.0000 0.4849186 0.4849 0.9861928 2.2192
 | 33.5339 57.7086 -57.6972 0.0000897 C=C(C=CC=C(O)C=C1C(=O)C(=C(C)N(C)C)C=CC1(C)C)C1C(=O)OC(C)(C)OC1=O 1 0.0000000 0.0000 0.1837875 0.1838 0.7670751 4.2236
 | 8.3150 44.4504 71.9727 0.9095554 CC(=CC=CC(O)=C1C(=O)NC(=O)NC1=O)N(C)C 1 1.0000000 1.0000 0.7621180 0.7621 0.9303701 3.3112
23:20:18 <INFO> Score: 0.59 Agent NLL: 12.39 Valid: 100% Step: 2
 | Agent Prior Target Score SMILES SMILES_state DASA DASA (raw) Solubility Solubility (raw) SA SA (raw)
 | 9.0233 54.6101 46.9546 0.7934741 CC(=CC=CC(O)=C1C(=O)ON=C1C(F)(F)F)N(C)C 1 1.0000000 1.0000 0.5018807 0.5019 0.8655993 3.7866
 | 17.7086 46.4177 -46.4026 0.0001182 CC(C=CC=Nc1ccccc1)=CC=CC(O)=C1C(=O)NC(=O)NC1=O 1 0.0000000 0.0000 0.4053255 0.4053 0.9438587 3.1616
 | 9.3604 52.2513 64.8443 0.9148093 CCN1C(=O)C(=C(O)C=CC=CN(CCO)CCO)C(=O)N(C)C1=O 1 1.0000000 1.0000 0.7836126 0.7836 0.9218638 3.3923
 | 10.8759 42.5326 75.4337 0.9216119 CC(=CC=CC(O)=C1C(=O)NC(=O)NC1=O)N(C)CCO 1 1.0000000 1.0000 0.8022847 0.8023 0.9245015 3.3680
 | 9.1922 43.0048 71.9694 0.8982353 CC(=CC=CC(O)=C1C(=O)NC(=S)NC1=O)N(C)C 1 1.0000000 1.0000 0.7383605 0.7384 0.9168882 3.4360
 | 12.7588 51.4252 58.3210 0.8573919 CC(=CC=CC(O)=C1C(=O)NC(=O)NC1=O)N(C)CCCN=[N+]=[N-] 1 1.0000000 1.0000 0.6425996 0.6426 0.8908915 3.6321
 | 21.0490 43.6275 -43.6093 0.0001422 CN1C(=O)C(=C(O)C=CN(O)CCN2CCOCC2)C(=O)N(C)C1=O 1 0.0000000 0.0000 0.7776843 0.7777 0.9392158 3.2165
 | 18.4435 25.4003 -25.3828 0.0001368 CCN(C(N)=NC)c1ccccc1 1 0.0000000 0.0000 0.6533225 0.6533 0.9839616 2.3183
 | 11.5597 49.0544 62.4975 0.8714995 CC(=CC=CC(O)=C1C(=O)OC(C)(C)OC1=O)N(C)CCO 1 1.0000000 1.0000 0.6697994 0.6698 0.9077958 3.5101
 | 5.8107 35.0839 83.7935 0.9287299 CN(C)C=CC=CC(O)=C1C(=O)NC(=O)C1=O 1 1.0000000 1.0000 0.8166165 0.8166 0.9347893 3.2654
23:20:19 <INFO> Score: 0.50 Agent NLL: 11.28 Valid: 100% Step: 3
 | Agent Prior Target Score SMILES SMILES_state DASA DASA (raw) Solubility Solubility (raw) SA SA (raw)
 | 8.7566 41.1841 70.6506 0.8737089 CC(=CC=CC(O)=C1C(=O)NC(=O)NC1=O)N1CCCCC1 1 1.0000000 1.0000 0.6490593 0.6491 0.9527942 3.0425
 | 16.9783 65.3652 22.2648 0.6846097 CCN(C=CC(C)=CC(O)=C1C(=O)C(=N)N(N=C2CCCCC2)C1=O)CC 1 1.0000000 1.0000 0.3030718 0.3031 0.8531121 3.8540
 | 7.7637 51.7243 55.7490 0.8396355 CN1C(=O)C(=C(O)C=CC=CN2CCCCC2)C(=O)N(C)C1=S 1 1.0000000 1.0000 0.5733669 0.5734 0.9355398 3.2573
 | 9.2504 46.3432 57.5280 0.8114937 CC1=NOC(=O)C1=C(O)C=CC=CN1CCCCC1 1 1.0000000 1.0000 0.5218126 0.5218 0.9077790 3.5103
 | 11.0524 42.3967 76.4785 0.9287125 O=C1NC(=O)C(=C(O)C=CC=CN2CC2)C(=O)N1 1 1.0000000 1.0000 0.8161311 0.8161 0.9353830 3.2590
 | 8.2104 35.5028 82.7973 0.9242190 CN(C)C=CC=CC(O)=C1C(=O)NC(=O)NC1=O 1 1.0000000 1.0000 0.7990025 0.7990 0.9401493 3.2058
 | 8.7174 44.7094 62.7863 0.8398103 CN(C=CC=CC(O)=C1C(=O)NC(=S)NC1=O)c1ccccc1 1 1.0000000 1.0000 0.5670111 0.5670 0.9489673 3.0959
 | 7.7843 43.2806 75.9194 0.9312501 CN(C=CC=CC(O)=C1C(=O)NC(=O)NC1=O)CCO 1 1.0000000 1.0000 0.8336890 0.8337 0.9223033 3.3883
 | 12.3124 38.9607 -38.9607 0.0000000 CN(C=CC=CC(O)=C1C(=O)NC(=O)NC1=O)CCO 2 0.0000000 1.0000 0.0000000 0.8337 0.0000000 3.3883
 | 23.7869 23.1407 -23.1220 0.0001461 CNC(=O)CC(C)=N 1 0.0000000 0.0000 0.8416096 0.8416 0.9575166 2.9706
23:20:20 <INFO> Score: 0.56 Agent NLL: 12.77 Valid: 100% Step: 4
 | Agent Prior Target Score SMILES SMILES_state DASA DASA (raw) Solubility Solubility (raw) SA SA (raw)
 | 10.7147 46.1372 70.1977 0.9088660 O=C1NNC(=O)C1=C(O)C=CC=CN1CCCC1 1 1.0000000 1.0000 0.7767255 0.7767 0.9065220 3.5200
 | 20.1908 42.4260 -42.4075 0.0001441 COC(O)=C1C(=O)NC(=O)C(=C(C)[N+](=O)[O-])C1=O 1 0.0000000 0.0000 0.8289783 0.8290 0.9220787 3.3903
 | 8.6072 46.2863 68.7438 0.8986729 CC(C=CN(C)C)=CC(O)=C1C(=O)NC(=S)NC1=O 1 1.0000000 1.0000 0.7383605 0.7384 0.9187657 3.4198
 | 29.7991 77.3983 -77.3926 0.0000443 CC1=NOC(=O)C1=C(O)C=CC1=C(C)C(=CC=C2CCCCC2=C(C)C=CN(C)Cc2ccccc2)CC1=O 1 0.0000000 0.0000 0.0148586 0.0149 0.8126392 4.0442
 | 5.1635 35.0839 83.7935 0.9287299 CN(C)C=CC=CC(O)=C1C(=O)NC(=O)C1=O 1 1.0000000 1.0000 0.8166165 0.8166 0.9347893 3.2654
 | 18.6529 22.3672 -22.3483 0.0001479 CC(=O)OCC1OC(O)C(O)C1O 1 0.0000000 0.0000 0.9096280 0.9096 0.9180151 3.4263
 | 15.6801 41.5393 69.7615 0.8695377 CC(=CC=CC(O)=C1C(=O)N(C)C(=O)N1C)N1CCOCC1 1 1.0000000 1.0000 0.6517385 0.6517 0.9292303 3.3226
 | 9.8113 45.5022 56.0624 0.7934741 CC(=CC=CC(O)=C1C(=O)ON=C1C(F)(F)F)N(C)C 1 1.0000000 1.0000 0.5018807 0.5019 0.8655993 3.7866
 | 11.3133 47.6683 57.2506 0.8196793 CC(C=CN(C)c1ccccc1)=CC(O)=C1C(=O)NN(C)C1=O 1 1.0000000 1.0000 0.5310703 0.5311 0.9270909 3.3435
 | 8.9374 33.8746 67.7165 0.7936801 CN(C)C=CC=CC(O)=C1C(=O)Nc2ccccc21 1 1.0000000 1.0000 0.4593756 0.4594 0.9636281 2.8653
23:20:21 <INFO> Score: 0.53 Agent NLL: 11.73 Valid: 100% Step: 5
 | Agent Prior Target Score SMILES SMILES_state DASA DASA (raw) Solubility Solubility (raw) SA SA (raw)
 | 13.0441 48.5658 -0.4235 0.3761114 CCCCCCCCN(CCCCCCCC)C(C)=CC=CC(O)=C1C(=O)N(C)C(=O)N(C)C1=O 1 1.0000000 1.0000 0.0341324 0.0341 0.9473895 3.1168
 | 8.7307 44.5479 61.7443 0.8304085 CN1C(=O)C(=C(O)C=CC=CN2CCCCCC2)C(=O)N(C)C1=O 1 1.0000000 1.0000 0.5455392 0.5455 0.9480567 3.1080
 | 10.1078 46.5259 62.2959 0.8501706 O=C1NC(=O)C(=C(O)C=CC=CN2CCc3ccccc32)C(=O)N1 1 1.0000000 1.0000 0.5915347 0.5915 0.9496189 3.0871
 | 8.4987 56.0728 58.0541 0.8916164 CC(=CC=CC(O)=C1C(=O)ON=C1C)N(CCO)CCO 1 1.0000000 1.0000 0.7457688 0.7458 0.8782593 3.7127
 | 9.1762 39.4503 78.6493 0.9226528 CN(C)C=CC=CC(O)=C1C(=O)NNC1=O 1 1.0000000 1.0000 0.8275314 0.8275 0.8949926 3.6041
 | 17.6583 21.8952 -21.8794 0.0001235 C=C(C)C1C=CC(C)O1 1 0.0000000 0.0000 0.6575072 0.6575 0.6354699 4.6380
 | 9.7525 48.8056 62.3148 0.8681280 CCN1C(=O)C(=C(O)C=CC=CN2CCOCC2)C(=O)N(CC)C1=O 1 1.0000000 1.0000 0.6409668 0.6410 0.9415624 3.1893
 | 19.7140 23.6354 -23.6179 0.0001368 CNC(C(=O)NC1C(=O)N2C(C(=O)O)=C(C)COC12)c1ccccc1 1 0.0000000 0.0000 0.7194760 0.7195 0.8768063 3.7215
 | 6.6339 44.0921 67.1017 0.8687013 CC(C=CN(C)C)=CC(O)=C1C(=O)N(C)C(=S)N(C)C1=O 1 1.0000000 1.0000 0.6541581 0.6542 0.9213758 3.3967
 | 17.3669 39.5139 -39.5012 0.0000994 CC(=CC=C(O)c1ccc2ccccc2c1O)N(C)C 1 0.0000000 0.0000 0.2165471 0.2165 0.9678227 2.7826
23:20:22 <INFO> Score: 0.56 Agent NLL: 12.85 Valid: 100% Step: 6
 | Agent Prior Target Score SMILES SMILES_state DASA DASA (raw) Solubility Solubility (raw) SA SA (raw)
 | 6.5325 41.1841 70.6506 0.8737089 CC(=CC=CC(O)=C1C(=O)NC(=O)NC1=O)N1CCCCC1 1 1.0000000 1.0000 0.6490593 0.6491 0.9527942 3.0425
 | 7.9586 50.6738 50.5957 0.7911679 CCN(C=CC(C)=CC(O)=C1C(=O)N(CC)C(=O)N(CC)C1=O)CC 1 1.0000000 1.0000 0.4690246 0.4690 0.9274564 3.3400
 | 17.9412 61.0629 -61.0463 0.0001294 CC(=CC=CC(O)=CC(O)=C1C(=O)N(C)C(=S)N(C)C1=O)N1CCOCC1 1 0.0000000 0.0000 0.5764521 0.5765 0.9058461 3.5252
 | 13.7024 50.3056 59.2823 0.8561552 CC(=CC=CC(O)=C1C(=O)NC(C)(C)OC1=O)N(C)C 1 1.0000000 1.0000 0.6538730 0.6539 0.8672183 3.7775
 | 6.9520 57.9591 42.5951 0.7855798 CN1C(=O)C(=C(O)C=CC=CN2CCc3ccccc32)C(=O)N(C)C1=S 1 1.0000000 1.0000 0.4521750 0.4522 0.9406574 3.1999
 | 8.1345 41.1110 74.7625 0.9052612 O=C1NC(=O)C(=C(O)C=CC=CN2CCCC2)C(=O)N1 1 1.0000000 1.0000 0.7427731 0.7428 0.9406392 3.2001
 | 10.2126 46.8062 45.3630 0.7200715 CCCCN(CCCC)C(C)=CC=CC(O)=C1C(=O)N(C)C(=O)N(C)C1=O 1 1.0000000 1.0000 0.3327279 0.3327 0.9429110 3.1731
 | 17.0519 19.7432 -19.7258 0.0001354 O=S(=O)(N1CCCCCC1)N1CCCCC1 1 0.0000000 0.0000 0.6265661 0.6266 0.9920330 1.8572
 | 17.4480 51.8183 49.4666 0.7912880 CC1=NN(c2ccccc2)C(=O)C1=C(O)C=CC=CN1CCS(=O)(=O)CC1 1 1.0000000 1.0000 0.4651643 0.4652 0.9372976 3.2381
 | 9.9422 50.3923 67.7072 0.9226528 CN(C)C=CC=CC(O)=C1C(=O)NNC1=O 1 1.0000000 1.0000 0.8275314 0.8275 0.8949926 3.6041
23:20:23 <INFO> Score: 0.67 Agent NLL: 11.43 Valid: 100% Step: 7
 | Agent Prior Target Score SMILES SMILES_state DASA DASA (raw) Solubility Solubility (raw) SA SA (raw)
 | 11.8559 57.9524 50.0301 0.8436134 CC(C=CN(C)CCCN=[N+]=[N-])=CC(O)=C1C(=O)C(=O)N(C)C1=O 1 1.0000000 1.0000 0.6195357 0.6195 0.8696067 3.7639
 | 26.9508 62.4287 -62.4121 0.0001299 CCN(C(=O)C(C)=C(O)C=CC(O)=C1C(=O)NNC1=O)c1ccccc1 1 0.0000000 0.0000 0.5731607 0.5732 0.9288030 3.3268
 | 7.5114 47.1116 67.3370 0.8941298 O=C1NC(=S)NC(=O)C1=C(O)C=CC=CN1CCCC1 1 1.0000000 1.0000 0.7178530 0.7179 0.9303361 3.3116
 | 8.5866 49.7133 34.5071 0.6579721 CC(=CC=CC(O)=C1C(=O)ON=C1C)N1CCCc2ccccc21 1 1.0000000 1.0000 0.2449837 0.2450 0.9321953 3.2926
 | 8.5711 43.6898 -43.6723 0.0001364 CC(C=C(O)C=CN(C)C)=C1C(=O)N(C)C(=O)N(C)C1=O 1 0.0000000 0.0000 0.6826161 0.6826 0.9239112 3.3735
 | 7.1933 39.8227 78.0226 0.9206666 O=C1NC(=O)C(=C(O)C=CC=CN2CCOCC2)C(=O)N1 1 1.0000000 1.0000 0.7897469 0.7897 0.9380899 3.2293
 | 10.0072 49.1758 44.8947 0.7349258 CC(=CC=CC(O)=C1C(=O)N(C)C(=O)N(C)C1=O)N1CCCc2ccccc21 1 1.0000000 1.0000 0.3547052 0.3547 0.9514406 3.0618
 | 13.1610 50.2019 58.1403 0.8464239 CCN(CC)C(C)=CC=CC(O)=C1C(=O)N(C)C(=O)N(C)C1=O 1 1.0000000 1.0000 0.5885762 0.5886 0.9377908 3.2326
 | 13.4131 19.8577 -19.8390 0.0001466 CCN1C(=O)CCC1=O 1 0.0000000 0.0000 0.8305784 0.8306 0.9877722 2.1390
 | 7.4656 44.1610 62.0676 0.8299113 CCN(CC)C(C)=CC=CC(O)=C1C(=O)N(C)C(=S)N(C)C1=O 1 1.0000000 1.0000 0.5550452 0.5550 0.9262730 3.3513
23:20:23 <INFO> Sampled SMILES c1c2cccc(O)c2cc2c1c1c(cc2)=C([N+](=O)O)C(=O)NN1 failed to sanitize.
23:20:24 <INFO> Score: 0.58 Agent NLL: 11.38 Valid:  98% Step: 8
 | Agent Prior Target Score SMILES SMILES_state DASA DASA (raw) Solubility Solubility (raw) SA SA (raw)
 | 7.2203 42.2071 70.1978 0.8781632 CC(C=CN1CCOCC1)=CC(O)=C1C(=O)N(C)C(=O)N(C)C1=O 1 1.0000000 1.0000 0.6747556 0.6748 0.9290526 3.3243
 | 6.7080 54.6422 46.9225 0.7934741 CC(=CC=CC(O)=C1C(=O)ON=C1C(F)(F)F)N(C)C 1 1.0000000 1.0000 0.5018807 0.5019 0.8655993 3.7866
 | 14.6062 17.0541 -17.0374 0.0001306 CC1(C)OC(=O)C(C=Nc2ccccc2)C(=O)O1 1 0.0000000 0.0000 0.5646407 0.5646 0.9670447 2.7987
 | 6.5451 42.4946 71.2603 0.8887104 CN(C)C=CC=CC(O)=C1C(=O)N(C)C(=S)N(C)C1=O 1 1.0000000 1.0000 0.7028484 0.7028 0.9301632 3.3133
 | 7.0968 46.2863 68.7438 0.8986729 CC(C=CN(C)C)=CC(O)=C1C(=O)NC(=S)NC1=O 1 1.0000000 1.0000 0.7383605 0.7384 0.9187657 3.4198
 | 12.6248 53.9148 54.1780 0.8444751 CCN1C(=O)C(=C(O)C=C(C)C=CN2CCOCC2)C(=O)N(CC)C1=O 1 1.0000000 1.0000 0.5866305 0.5866 0.9324538 3.2900
 | 13.7528 35.9281 -35.9100 0.0001413 CCOC(O)=C1C(=O)N(CC)C(=O)N(CC)C1=O 1 0.0000000 0.0000 0.7384440 0.7384 0.9745992 2.6240
 | 7.9848 49.6471 53.3561 0.8047123 CC(=CC=CC(O)=C1C(=O)ON=C1C(F)(F)F)N1CCOCC1 1 1.0000000 1.0000 0.5082779 0.5083 0.9044181 3.5360
 | 11.3993 52.0337 -3.8914 0.3761114 CCCCCCCCN(CCCCCCCC)C(C)=CC=CC(O)=C1C(=O)N(C)C(=O)N(C)C1=O 1 1.0000000 1.0000 0.0341324 0.0341 0.9473895 3.1168
 | 7.8249 43.5579 71.2214 0.8967127 CN1C(=O)C(=C(O)C=CC=CN2CCOCC2)C(=O)N(C)C1=O 1 1.0000000 1.0000 0.7196373 0.7196 0.9388744 3.2204
23:20:25 <INFO> Score: 0.55 Agent NLL: 12.29 Valid: 100% Step: 9
 | Agent Prior Target Score SMILES SMILES_state DASA DASA (raw) Solubility Solubility (raw) SA SA (raw)
 | 24.7203 56.5089 -56.4970 0.0000928 CCOC(=O)N1C(=O)C(CC)(CC)C1(C)C=CC(C)=CC(O)=C1C(=O)OC(C)(C)OC1=O 1 0.0000000 0.0000 0.2123481 0.2123 0.7432135 4.3077
 | 9.2635 50.4115 52.8063 0.8063891 CC1=NN(c2ccccc2)C(=O)C1=C(O)C=CC=CN(C)CCO 1 1.0000000 1.0000 0.4907760 0.4908 0.9515412 3.0604
 | 9.0582 44.5051 63.8683 0.8466674 CC(C=CN(C)C)=CC(O)=C1C(=O)OC(C)(C)OC1=O 1 1.0000000 1.0000 0.6012544 0.6013 0.9152168 3.4502
 | 16.6448 23.9585 -23.9409 0.0001373 CC1=CC(C)(O)OC(=O)C1 1 0.0000000 0.0000 0.7852702 0.7853 0.8022321 4.0878
 | 6.0648 46.9611 62.4592 0.8548460 CN1C(=O)C(=C(O)C=CC=CN2CCCCC2)C(=O)N(C)C1=O 1 1.0000000 1.0000 0.6053218 0.6053 0.9452474 3.1443
 | 10.1289 53.2748 45.4198 0.7710520 CCN1C(=O)C(=C(O)C=C(C)C=CN2CCCCC2)C(=O)N(CC)C1=O 1 1.0000000 1.0000 0.4243140 0.4243 0.9386996 3.2224
 | 11.3029 48.7696 53.2885 0.7973285 CCN1C(=O)C(=C(O)C=CC=C(C)N2CCSCC2)C(=O)N(CC)C1=O 1 1.0000000 1.0000 0.4798601 0.4799 0.9322644 3.2919
 | 32.8291 33.0061 -32.9892 0.0001316 CCN(C)c1cccc(NC(=O)C(C)=NO)c1 1 0.0000000 0.0000 0.5734976 0.5735 0.9793129 2.4872
 | 5.5608 40.1290 72.8155 0.8823795 CC(C=CN(C)C)=CC(O)=C1C(=O)N(C)C(=O)N(C)C1=O 1 1.0000000 1.0000 0.6826161 0.6826 0.9348478 3.2648
 | 18.9436 45.8557 -45.8387 0.0001332 CC1CCCN(C=CC(O)=C2C(=O)N(C)C(=O)N(C)C2=O)C1 1 0.0000000 0.0000 0.6415829 0.6416 0.8996167 3.5714
23:20:26 <INFO> Score: 0.63 Agent NLL: 11.40 Valid: 100% Step: 10
 | Agent Prior Target Score SMILES SMILES_state DASA DASA (raw) Solubility Solubility (raw) SA SA (raw)
 | 7.2681 46.2215 64.9241 0.8683248 CCN(C=CC=CC(O)=C1C(=O)N(C)C(=O)N(C)C1=O)CC 1 1.0000000 1.0000 0.6462340 0.6462 0.9332489 3.2817
 | 6.6224 45.0307 64.3451 0.8544985 CC(=CC=CC(O)=C1C(=O)NC(=O)N(C)C1=O)N1CCCCC1 1 1.0000000 1.0000 0.5995510 0.5996 0.9545442 3.0167
 | 10.3743 40.2073 60.9688 0.7904384 CCCN(C=CC(C)=CC(O)=C1C(=O)N(C)C(=O)N(C)C1=O)CCC 1 1.0000000 1.0000 0.4690246 0.4690 0.9238704 3.3739
 | 14.8240 18.0216 -18.0056 0.0001246 CC(C)=NOC(=O)Nc1ccccc1 1 0.0000000 0.0000 0.4687618 0.4688 0.9898655 2.0153
 | 16.4296 50.6901 54.1514 0.8190741 CCN1C(=O)C(=C(O)C=CC=CN(C)CCO)C(=O)N(c2ccccc2)C1=O 1 1.0000000 1.0000 0.5186329 0.5186 0.9508791 3.0697
 | 18.9280 68.9318 -21.5473 0.3701909 CCCCCCCCN(C=CC=CC(O)=C1C(=O)N(CC)C(=O)N(N=O)C1=O)CCCCCCCC 1 1.0000000 1.0000 0.0331330 0.0331 0.9184917 3.4222
 | 5.1605 40.1290 72.8155 0.8823795 CC(C=CN(C)C)=CC(O)=C1C(=O)N(C)C(=O)N(C)C1=O 1 1.0000000 1.0000 0.6826161 0.6826 0.9348478 3.2648
 | 14.5079 46.4382 58.8343 0.8224409 CCN(CC)C(C)=CC=CC(O)=C1C(=O)N(C)C(=O)N(CC)C1=O 1 1.0000000 1.0000 0.5319681 0.5320 0.9383762 3.2261
 | 7.1818 42.3471 69.3636 0.8727403 O=C1NC(=O)C(=C(O)C=CC=CN2CCCCCC2)C(=O)N1 1 1.0000000 1.0000 0.6490593 0.6491 0.9483655 3.1039
 | 9.0898 51.6962 56.1972 0.8429169 CC(=CC=CC(O)=C1C(=O)ON=C1C)N(C)C 1 1.0000000 1.0000 0.6197402 0.6197 0.8662524 3.7830
23:20:27 <INFO> Score: 0.52 Agent NLL: 12.06 Valid: 100% Step: 11
 | Agent Prior Target Score SMILES SMILES_state DASA DASA (raw) Solubility Solubility (raw) SA SA (raw)
 | 10.8317 36.3112 69.4171 0.8260025 CCN(C=CC=CC(O)=C1C(=O)OC(C)(C)OC1=O)CC 1 1.0000000 1.0000 0.5514945 0.5515 0.9151081 3.4511
 | 22.8772 59.7910 -59.7794 0.0000902 COC1(C)OC(=O)C(=CC=C(C)CC(O)=C2C(=O)N(c3ccccc3)N=C2C(F)(F)F)O1 1 0.0000000 0.0000 0.1780672 0.1781 0.8139585 4.0385
 | 22.0578 20.6433 -20.6283 0.0001175 CC1CCN(c2nc(N3CCOCC3)c3ccccc3n2)CC1 1 0.0000000 0.0000 0.3825931 0.3826 0.9875594 2.1504
 | 10.1352 51.8935 55.8276 0.8415714 O=C1NNC(=O)C1=C(O)C=CC=CN1CCCc2ccccc21 1 1.0000000 1.0000 0.5790151 0.5790 0.9335858 3.2782
 | 21.8550 56.1723 50.2706 0.8315847 CCCN(C=CC=CC(O)=C1C(=O)N(C)C(=O)N(C)C1=O)N1CCCC1 1 1.0000000 1.0000 0.5678081 0.5678 0.9090032 3.5007
 | 10.3982 46.5686 64.9644 0.8713519 CCN1C(=O)C(=C(O)C=CC=CN(C)C)C(=O)N(CC)C1=O 1 1.0000000 1.0000 0.6462340 0.6462 0.9469898 3.1220
 | 6.5801 40.4617 68.9586 0.8548460 CN1C(=O)C(=C(O)C=CC=CN2CCCCC2)C(=O)N(C)C1=O 1 1.0000000 1.0000 0.6053218 0.6053 0.9452474 3.1443
 | 7.1985 45.2962 67.1312 0.8783392 O=C1NC(=S)NC(=O)C1=C(O)C=CC=CN1CCCCC1 1 1.0000000 1.0000 0.6711265 0.6711 0.9358717 3.2538
 | 12.1044 22.8459 -22.8313 0.0001141 O=C1Nc2ccccc2C1=C(O)c1ccccc1 1 0.0000000 0.0000 0.3444534 0.3445 0.9912084 1.9219
 | 6.7039 41.1841 70.6506 0.8737089 CC(=CC=CC(O)=C1C(=O)NC(=O)NC1=O)N1CCCCC1 1 1.0000000 1.0000 0.6490593 0.6491 0.9527942 3.0425
23:20:27 <INFO> Sampled SMILES o1c2c(c(O)c(C(=CC=C(C)C=CN(C)C)C)c1O)ccc(C)c2 failed to sanitize.
23:20:27 <INFO> Score: 0.62 Agent NLL: 11.44 Valid:  98% Step: 12
 | Agent Prior Target Score SMILES SMILES_state DASA DASA (raw) Solubility Solubility (raw) SA SA (raw)
 | 11.5530 48.0929 19.7470 0.5299991 CCCN(C=CC(C)=CC(O)=C1C(=O)N(c2ccccc2)N=C1C)CCC 1 1.0000000 1.0000 0.1134225 0.1134 0.9469270 3.1228
 | 19.7500 62.0543 50.0586 0.8758817 CC(=c1[nH]c(=N)c(=C(O)C=CC=CN(C)C)c(=O)o1)N(C)C 1 1.0000000 1.0000 0.7773236 0.7773 0.7754409 4.1927
 | 8.9804 46.5080 71.7092 0.9235718 CN1C(=O)C(=C(O)C=CC=CN(CCO)CCO)C(=O)N(C)C1=O 1 1.0000000 1.0000 0.8110528 0.8111 0.9206993 3.4027
 | 9.4874 45.7334 62.9785 0.8493115 CC(C=CN1CCN(C)CC1)=CC(O)=C1C(=O)ON=C1C 1 1.0000000 1.0000 0.6215260 0.6215 0.8911079 3.6306
 | 7.0834 39.3517 73.0858 0.8784179 CC(C=CN1CCN(C)CC1)=CC(O)=C1C(=O)N(C)C(=O)N(C)C1=O 1 1.0000000 1.0000 0.6732225 0.6732 0.9327272 3.2871
 | 8.8992 44.6870 67.1318 0.8735836 CCN(C=CC=CC(O)=C1C(=O)NC(=S)N(C)C1=O)CC 1 1.0000000 1.0000 0.6643445 0.6643 0.9259911 3.3540
 | 8.5089 44.4348 61.9707 0.8312929 CC(=CC=CC(O)=C1C(=O)N(C)C(=O)N(C)C1=O)N1CCCCC1 1 1.0000000 1.0000 0.5455392 0.5455 0.9523048 3.0495
 | 10.7512 31.0097 -30.9933 0.0001285 S=C=NC=CC=CC=CN1CCOCC1 1 0.0000000 0.0000 0.6000172 0.6000 0.8388801 3.9252
 | 9.5177 46.3701 39.7617 0.6729048 CCN(C=CC=CC(O)=C1C(=O)N(c2ccccc2)N=C1C)CC 1 1.0000000 1.0000 0.2594618 0.2595 0.9561305 2.9925
 | 14.8784 55.3208 -55.3038 0.0001328 CCN(C=C(O)C=CC=CC(O)=C1C(=O)NC(=S)NC1=O)CC 1 0.0000000 0.0000 0.6409979 0.6410 0.8892076 3.6433
23:20:27 <WARN> Maximum number of steps of 12 reached in stage 1. Terminating all stages.
23:20:28 <INFO> Peak main memory usage: 895.359 MiB
23:20:28 <INFO> Finished REINVENT on 2026-07-13
