15:34:40 <INFO> Started REINVENT 4.7.15 (C) AstraZeneca 2017, 2023 on 2026-04-16
15:34:40 <INFO> Command line: /Users/hakeemshindy/miniconda3/envs/reinvent4/bin/reinvent -d cpu -l /Users/hakeemshindy/Downloads/REINVENT4_photochem/outputs/rl_stage2/stage2.log /Users/hakeemshindy/Downloads/REINVENT4_photochem/outputs/rl_stage2/stage2.toml
15:34:40 <INFO> Reading run configuration from /Users/hakeemshindy/Downloads/REINVENT4_photochem/outputs/rl_stage2/stage2.toml using format toml
15:34:40 <INFO> User hakeemshindy on host DN0a22b3fd.SUNet
15:34:40 <INFO> Python version 3.10.20
15:34:40 <INFO> PyTorch version 2.9.1, git 5811a8d7da873dd699ff6687092c225caffcf1bb
15:34:40 <INFO> PyTorch compiled with CUDA version None
15:34:40 <INFO> RDKit version 2026.03.1
15:34:40 <INFO> Platform macOS-26.4-arm64-arm-64bit
15:34:40 <INFO> Number of PyTorch CUDA devices 0
15:34:40 <WARN> 'use_cuda' is deprecated, use 'device' instead
15:34:40 <INFO> Using CPU arm
15:34:40 <INFO> Writing TensorBoard summary to /Users/hakeemshindy/Downloads/REINVENT4_photochem/outputs/rl_stage2/tb
15:34:40 <INFO> Writing JSON config file to /Users/hakeemshindy/Downloads/REINVENT4_photochem/outputs/rl_stage2/_stage2.json
15:34:40 <INFO> Starting 1 stage of Reinforcement Learning
15:34:40 <ERRO> /Users/hakeemshindy/Downloads/REINVENT4_photochem/reinvent.prior has invalid hash:
{ 'comments': [],
  'creation_date': 0,
  'date_format': 'UNIX epoch',
  'hash_id': '173568c36e1fc3d95cab289c7d31ce0b',
  'hash_id_format': 'xxhash.xxh3_128_hex 3.4.1',
  'model_id': '55d68f8a81c04f5a86304ebe1723a0ea',
  'model_id_format': 'uuid.uuid4 3.10.12',
  'origina_data_source': 'ChEMBL 25',
  'updates': []}
15:34:40 <INFO> Number of network parameters: 5,805,602
15:34:40 <INFO> Network architecture:
RNN(
  (_embedding): Embedding(34, 256)
  (_rnn): LSTM(256, 512, num_layers=3, batch_first=True)
  (_linear): Linear(in_features=512, out_features=34, bias=True)
)
15:34:40 <INFO> /Users/hakeemshindy/Downloads/REINVENT4_photochem/outputs/rl_stage1/stage1.chkpt has valid hash:
{ 'comments': [ '10M_Random_Freedom4_Ro5',
                'TL',
                'TL',
                'TL',
                'TL',
                'TL',
                'TL',
                'TL',
                'TL',
                'TL',
                'TL',
                'TL',
                'TL',
                'TL',
                'TL',
                'TL',
                'TL',
                'TL',
                'TL',
                'TL',
                'TL',
                'TL',
                'TL',
                'TL',
                'TL',
                'TL',
                'TL',
                'TL',
                'TL',
                'TL',
                'TL',
                'TL',
                'TL',
                'TL',
                'TL',
                'TL',
                'TL',
                'TL',
                'TL',
                'TL',
                'TL',
                'TL',
                'TL',
                'TL',
                'TL',
                'TL',
                'RL',
                'RL'],
  'creation_date': 1744278146.0890813,
  'date_format': 'UNIX epoch',
  'hash_id': '737d6b30e907b825780fc4977a88598b',
  'hash_id_format': 'xxhash.xxh3_128_hex 3.6.0',
  'model_id': UUID('f9f3b04a-8da9-49f4-b63e-3ea636896e91'),
  'model_id_format': 'uuid.uuid4 3.10.16',
  'origina_data_source': '10M_Random_Freedom4_Ro5',
  'updates': [ 1744739484.4790347,
               1776210112.807711,
               1776210121.405557,
               1776210133.920717,
               1776210142.290011,
               1776210151.665267,
               1776210163.4658391,
               1776210171.657804,
               1776210180.091753,
               1776210192.080225,
               1776210200.819904,
               1776210209.855453,
               1776210225.3287628,
               1776210234.308268,
               1776210243.4368708,
               1776210256.258553,
               1776210264.918088,
               1776210273.2781801,
               1776210286.031104,
               1776210294.690594,
               1776210303.295528,
               1776210317.978095,
               1776210326.273695,
               1776210335.5529852,
               1776210348.431942,
               1776210357.0719712,
               1776210366.325879,
               1776210377.808782,
               1776210385.608905,
               1776210393.784509,
               1776210405.482862,
               1776210414.1248808,
               1776210422.6002061,
               1776210434.614911,
               1776210442.4208908,
               1776210450.8210602,
               1776210463.61745,
               1776210471.529588,
               1776210480.201343,
               1776210494.575983,
               1776210503.154146,
               1776210511.6105,
               1776210524.87301,
               1776210533.045402,
               1776210541.828602,
               1776211668.629855,
               1776211668.691971]}
15:34:40 <INFO> Number of network parameters: 7,913,771
15:34:40 <INFO> Network architecture:
RNN(
  (_embedding): Embedding(43, 256)
  (_rnn): LSTM(256, 512, num_layers=4, batch_first=True)
  (_linear): Linear(in_features=512, out_features=43, bias=True)
)
15:34:40 <INFO> Using generator Reinvent
15:34:40 <INFO> Prior read from /Users/hakeemshindy/Downloads/REINVENT4_photochem/reinvent.prior
15:34:40 <INFO> Agent read from /Users/hakeemshindy/Downloads/REINVENT4_photochem/outputs/rl_stage1/stage1.chkpt
15:34:40 <INFO> Using reward strategy dap
15:34:40 <INFO> Using diversity filter IdenticalMurckoScaffold
15:34:40 <INFO> Purging diversity filter memories after each stage
15:34:40 <INFO> No SMILES for inception. Populating from first sampled batch.
15:34:40 <INFO> Using inception memory
15:34:40 <INFO> Registered scoring component HalfLifeChemProp
15:34:40 <INFO> Registered scoring component PhotoswitchScaffold
15:34:40 <INFO> Registered scoring component VisibleAbsChemProp
15:34:40 <INFO> Registered scoring component XTBHomoLumo
15:34:40 <INFO> Registered scoring component XTBIsomerGap
15:34:40 <INFO> Registered scoring component XTBLambdaFilter
15:34:40 <INFO> Registered scoring component ROCSSimilarity
15:34:40 <INFO> Registered scoring component GroupCount
15:34:40 <INFO> Registered scoring component FragmentQed
15:34:40 <INFO> Registered scoring component FragmentSlogP
15:34:40 <INFO> Registered scoring component FragmentMolecularWeight
15:34:40 <INFO> Registered scoring component FragmentTPSA
15:34:40 <INFO> Registered scoring component FragmentDistanceMatrix
15:34:40 <INFO> Registered scoring component FragmentNumAtomStereoCenters
15:34:40 <INFO> Registered scoring component FragmentHBondAcceptors
15:34:40 <INFO> Registered scoring component FragmentHBondDonors
15:34:40 <INFO> Registered scoring component FragmentNumRotBond
15:34:40 <INFO> Registered scoring component FragmentCsp3
15:34:40 <INFO> Registered scoring component Fragmentnumsp
15:34:40 <INFO> Registered scoring component Fragmentnumsp2
15:34:40 <INFO> Registered scoring component Fragmentnumsp3
15:34:40 <INFO> Registered scoring component FragmentEffectiveLength
15:34:40 <INFO> Registered scoring component FragmentGraphLength
15:34:40 <INFO> Registered scoring component FragmentLengthRatio
15:34:40 <INFO> Registered scoring component FragmentNumHeavyAtoms
15:34:40 <INFO> Registered scoring component FragmentNumHeteroAtoms
15:34:40 <INFO> Registered scoring component FragmentNumRings
15:34:40 <INFO> Registered scoring component FragmentNumAromaticRings
15:34:40 <INFO> Registered scoring component FragmentNumAliphaticRings
15:34:40 <INFO> Registered scoring component FragmentSlogP
15:34:40 <INFO> Registered scoring component MatchingSubstructure
15:34:40 <INFO> Registered scoring component MolVolume
15:34:40 <INFO> Registered scoring component Qed
15:34:40 <INFO> Registered scoring component LargestRingSize
15:34:40 <INFO> Registered scoring component MolecularWeight
15:34:40 <INFO> Registered scoring component GraphLength
15:34:40 <INFO> Registered scoring component NumAtomStereoCenters
15:34:40 <INFO> Registered scoring component HBondAcceptors
15:34:40 <INFO> Registered scoring component HBondDonors
15:34:40 <INFO> Registered scoring component NumRotBond
15:34:40 <INFO> Registered scoring component Csp3
15:34:40 <INFO> Registered scoring component numsp
15:34:40 <INFO> Registered scoring component numsp2
15:34:40 <INFO> Registered scoring component numsp3
15:34:40 <INFO> Registered scoring component NumHeavyAtoms
15:34:40 <INFO> Registered scoring component NumHeteroAtoms
15:34:40 <INFO> Registered scoring component NumRings
15:34:40 <INFO> Registered scoring component NumAromaticRings
15:34:40 <INFO> Registered scoring component NumAliphaticRings
15:34:40 <INFO> Registered scoring component SlogP
15:34:40 <INFO> Registered scoring component LargestRingSize
15:34:40 <INFO> Registered scoring component PMI
15:34:40 <INFO> Registered scoring component RDKitDescriptors
15:34:40 <INFO> Registered scoring component TanimotoSimilarity
15:34:40 <INFO> Registered scoring component TanimotoDistance
15:34:40 <INFO> Registered scoring component TPSA
15:34:40 <INFO> Registered scoring component SAScore
