23:06:58 <INFO> Started REINVENT 4.7.15 (C) AstraZeneca 2017, 2023 on 2026-07-13
23:06:58 <INFO> Command line: /Users/hakeemshindy/miniconda3/envs/reinvent4/bin/reinvent -d cpu -l outputs_dasa/sample.log outputs_dasa/sample_check.toml
23:06:58 <INFO> Reading run configuration from /Users/hakeemshindy/Downloads/REINVENT4_photochem/outputs_dasa/sample_check.toml using format toml
23:06:58 <INFO> User hakeemshindy on host Mac.lan
23:06:58 <INFO> Python version 3.10.20
23:06:58 <INFO> PyTorch version 2.9.1, git 5811a8d7da873dd699ff6687092c225caffcf1bb
23:06:58 <INFO> PyTorch compiled with CUDA version None
23:06:58 <INFO> RDKit version 2026.03.1
23:06:58 <INFO> Platform macOS-26.4-arm64-arm-64bit
23:06:58 <INFO> Number of PyTorch CUDA devices 0
23:06:58 <WARN> 'use_cuda' is deprecated, use 'device' instead
23:06:58 <INFO> Using CPU arm
23:06:58 <INFO> Starting Sampling
23:06:58 <INFO> /Users/hakeemshindy/Downloads/REINVENT4_photochem/outputs_dasa/TL_dasa_real.model has valid hash:
{ 'comments': ['TL'],
  'creation_date': 0,
  'date_format': 'UNIX epoch',
  'hash_id': '2eefaad0e735d29d74c3aa26cfda40ce',
  'hash_id_format': 'xxhash.xxh3_128_hex 3.6.0',
  'model_id': '55d68f8a81c04f5a86304ebe1723a0ea',
  'model_id_format': 'uuid.uuid4 3.10.12',
  'origina_data_source': 'ChEMBL 25',
  'updates': [1783998373.960653]}
23:06:58 <INFO> Number of network parameters: 5,805,602
23:06:58 <INFO> Network architecture:
RNN(
  (_embedding): Embedding(34, 256)
  (_rnn): LSTM(256, 512, num_layers=3, batch_first=True)
  (_linear): Linear(in_features=512, out_features=34, bias=True)
)
23:06:58 <INFO> Using generator Reinvent
23:06:58 <INFO> Writing sampled SMILES to CSV file /Users/hakeemshindy/Downloads/REINVENT4_photochem/outputs_dasa/tl_samples.csv
23:06:58 <INFO> Sampling 300 SMILES from model /Users/hakeemshindy/Downloads/REINVENT4_photochem/outputs_dasa/TL_dasa_real.model
23:06:59 <INFO> Removed 31 invalid SMILES
23:06:59 <INFO> Peak main memory usage: 499.484 MiB
23:06:59 <INFO> Finished REINVENT on 2026-07-13
