23:57:15 <INFO> Started REINVENT 4.7.15 (C) AstraZeneca 2017, 2023 on 2026-07-15
23:57:15 <INFO> Command line: /Users/hakeemshindy/miniconda3/envs/reinvent4/bin/reinvent -d cpu -l /Users/hakeemshindy/Downloads/REINVENT4_photochem/outputs_dasa/trial_tl.log /Users/hakeemshindy/Downloads/REINVENT4_photochem/outputs_dasa/trial_tl.toml
23:57:15 <INFO> Reading run configuration from /Users/hakeemshindy/Downloads/REINVENT4_photochem/outputs_dasa/trial_tl.toml using format toml
23:57:15 <INFO> User hakeemshindy on host Mac-307.lan
23:57:15 <INFO> Python version 3.10.20
23:57:15 <INFO> PyTorch version 2.9.1, git 5811a8d7da873dd699ff6687092c225caffcf1bb
23:57:15 <INFO> PyTorch compiled with CUDA version None
23:57:15 <INFO> RDKit version 2026.03.1
23:57:15 <INFO> Platform macOS-26.4-arm64-arm-64bit
23:57:15 <INFO> Number of PyTorch CUDA devices 0
23:57:15 <WARN> 'use_cuda' is deprecated, use 'device' instead
23:57:15 <INFO> Using CPU arm
23:57:15 <INFO> Writing TensorBoard summary to /Users/hakeemshindy/Downloads/REINVENT4_photochem/outputs_dasa/tb_tl_trial
23:57:15 <INFO> Starting Transfer Learning
23:57:15 <ERRO> /Users/hakeemshindy/Downloads/REINVENT4_photochem/reinvent.prior has invalid hash:
{ 'comments': [],
  'creation_date': 0,
  'date_format': 'UNIX epoch',
  'hash_id': '173568c36e1fc3d95cab289c7d31ce0b',
  'hash_id_format': 'xxhash.xxh3_128_hex 3.4.1',
  'model_id': '55d68f8a81c04f5a86304ebe1723a0ea',
  'model_id_format': 'uuid.uuid4 3.10.12',
  'origina_data_source': 'ChEMBL 25',
  'updates': []}
23:57:15 <INFO> Number of network parameters: 5,805,602
23:57:15 <INFO> Network architecture:
RNN(
  (_embedding): Embedding(34, 256)
  (_rnn): LSTM(256, 512, num_layers=3, batch_first=True)
  (_linear): Linear(in_features=512, out_features=34, bias=True)
)
23:57:15 <INFO> Using generator Reinvent
23:57:15 <INFO> Applying filter default to input SMILES
23:57:16 <INFO> Read 702 input SMILES from /Users/hakeemshindy/Downloads/REINVENT4_photochem/outputs_dasa/trial_corpus.smi
23:57:17 <INFO> Read 702 validation SMILES from /Users/hakeemshindy/Downloads/REINVENT4_photochem/outputs_dasa/trial_corpus.smi
23:57:47 <INFO> Sampled SMILES O(C)C(CCN=C1C(C)(C)C(=NN=C(N)N)C=C1(O)C(F)(F)F)=O failed to sanitize.
23:57:47 <INFO> Sampled SMILES O=S(C)(=O)N(C(NC(NNC(=O)C)=O)(C)C)=O failed to sanitize.
23:57:47 <INFO> Sampled SMILES o1c2c(c(C(O)=O)cc(C#Cc3ccccc3)c2)cc(C(=O)O)n1 failed to sanitize.
23:57:47 <INFO> Sampled SMILES [O-][N+](=O)c1cc(C(N)=NO)ccc1NC(C=CC(=CC=CC(=CC(C=CN(C)C)=NO)=C(C)C)C)=O failed to sanitize.
23:57:47 <INFO> Sampled SMILES C(C=CC=C(C=CN1CCC(c2ccccc2)CC1)(C)O)=C1N(CCC)C(=O)C(C)(C)O1 failed to sanitize.
23:57:47 <INFO> Sampled SMILES C1CC(NC(C(=CC=CN(C)C)=C(C)N(CCCCCCCC)C(=C(C=[N+]=[N-])O)C)=O)CCC1 failed to sanitize.
23:57:47 <INFO> Sampled SMILES c1c([N+]([O-])=O)c(C=C2SC(=Nc3ccccc3)N(CCCN=c3c4ccccc4sc3)C2=O)ccc1 failed to sanitize.
23:57:47 <INFO> Sampled SMILES C(N)CNC(CCC(=CCC=C(C=CN1CCN(c2ccc(Cl)cc2)CC1)C)=O)C failed to sanitize.
23:57:47 <INFO> Sampled SMILES C(C)(NC(C(=CC=CN(CC)CC)(C)C)=O)C failed to sanitize.
23:57:47 <INFO> Sampled SMILES C(=C(CC)CC=C(C)C)CCC(=CCC(N(C1CCCCC1)C)=C(C)N(C)C(C)=C(CCO)C)=O failed to sanitize.
23:57:47 <INFO> Sampled SMILES n1(CC(O)CO)c2cc(Br)ccc2c2cc[nH]cc12 failed to sanitize.
23:57:47 <INFO> Sampled SMILES C(F)(F)(C(C)(C)Oc1c(OC)ccc(C(=CC(C(Nc2ccc(C(F)(F)F)cc2)=O)O)=O)c1)F failed to sanitize.
23:57:47 <INFO> Sampled SMILES C1(N=c2c([N+](=O)[O-])c(N)nc(=N)[nH]2)CCCCCCC1 failed to sanitize.
23:58:18 <INFO> Sampled SMILES OC(C=CC=C(N(C(C)C)c1ccccc1)=C)=CC=C(C)N(CCN=C(C)C)CCO failed to sanitize.
23:58:18 <INFO> Sampled SMILES OC(=c1cc2c3c([nH]c2c(N2CCC(c4ccccc4)CC2)n1)cccc3)NCCc1ccccc1 failed to sanitize.
23:58:18 <INFO> Sampled SMILES c1cccc(N=C2N(C)C(=O)C(=CC=C(C=CN3CCCC3)O)C=2)c1Cl failed to sanitize.
23:58:18 <INFO> Sampled SMILES C(C(=CBr)=CC=CC(O)=C1C(=O)ON=C1C(F)(F)F)=CN(C)C failed to sanitize.
23:58:48 <INFO> Sampled SMILES C1CNCCN1C(C=CC=CCC(=CC1(C)OC2(C)CCC3C(C)(CCC(=O)C3C)C2C1)=O)=C failed to sanitize.
23:58:48 <INFO> Sampled SMILES c12ccccc1S(=O)(=O)N(CC)C(C(N(C)CC(C)=CC(=C1C(=O)N(CC)C(=O)N(CC)C3=O)c12)C(=O)NC(=O)C2=C3CCCC2)=O failed to sanitize.
23:58:48 <INFO> Sampled SMILES O=C1C(=C(C=C(C)C=CN(C)CCCN)=O)SC(=O)N1 failed to sanitize.
23:58:48 <INFO> Sampled SMILES O=[N+](C=CC=CN1CCCC1)=C1C(=O)NNC1=O failed to sanitize.
23:58:48 <INFO> Sampled SMILES CC(C)(C)C(=O)CSC(=CC(=CN=c1n(C)ccc1)N)O failed to sanitize.
23:58:48 <INFO> Sampled SMILES OC1CCC(C)C2(C)CN(C)C(=O)c3c(=N)[nH][nH]c123 failed to sanitize.
23:58:48 <INFO> Sampled SMILES O=C1N(C)C(=O)C(=C(O)C=C(C)C=CN(C)C)=C1C failed to sanitize.
23:58:48 <INFO> Sampled SMILES c1cccc2c(O)c3c(=C(NOCC)O)c(O)c(C)c3c12 failed to sanitize.
23:58:49 <INFO> Sampled SMILES N(=C(NCCCC)N)=c1nc(C)cc(C)[nH]1 failed to sanitize.
23:58:49 <INFO> Sampled SMILES CCN(C=CC=CC(=C1C(C(F)(F)F)=NOC1=O)C)=O failed to sanitize.
23:59:20 <INFO> Sampled SMILES c1cc2c3c(n(C)c(=O)c2c1)-c1ccccc1C3=O failed to sanitize.
23:59:20 <INFO> Sampled SMILES c1(=N)ncc(CNC(=O)C(C2CCc3cc(O)ccc32)O)cc1 failed to sanitize.
23:59:20 <INFO> Sampled SMILES C(C)(C=CN1C(=O)C(=C(C=CC=CN2c3ccccc3CCC2)O)=C(C)N1c1ccccc1)C failed to sanitize.
23:59:20 <INFO> Sampled SMILES c1cccc(N(C=Cc2[n+](CC)c3ccccc3c2)C)c1 failed to sanitize.
23:59:20 <INFO> Sampled SMILES C1CN(C(=c2c(=O)c(=O)c(=C)[nH]c2)C)CCC1 failed to sanitize.
23:59:20 <INFO> Sampled SMILES c12c(c(NC(C)=O)c(C)n1)cccc2 failed to sanitize.
23:59:20 <INFO> Sampled SMILES c1ccccc1N(C=CC(O)=C1C(=O)N(C)C(=S)N(C)C1=O)=CC=CCCC failed to sanitize.
23:59:53 <INFO> Sampled SMILES C(C)(C=CN(CCCN)CCCN)(=C1C(C(F)(F)F)=NOC1=O)O failed to sanitize.
23:59:53 <INFO> Sampled SMILES C(OC)(=CCC(N=[N+]=[N-])C(O)=NO)=O failed to sanitize.
23:59:53 <INFO> Sampled SMILES c1c2c(cc(=C3C(=O)NC(=O)NC3=O)o1)=CC(=O)c1ccccc1C2=O failed to sanitize.
23:59:53 <INFO> Sampled SMILES C1(=S)NC(=O)C(=C(C=C(C)C=CN2C(C)(C)CCC2)=O)C(=O)N1 failed to sanitize.
23:59:53 <INFO> Sampled SMILES C(CCCCN)(=CCC(C(O)=c1ccccc1)=C(C)C=CC=CN(CC)CC)=O failed to sanitize.
23:59:53 <INFO> Sampled SMILES N1(C(=c2c(=O)c(=O)c(=C)[nH]c2)NCc2ccc(N(C)C)cc2)CCCCC1 failed to sanitize.
00:00:25 <INFO> Sampled SMILES C(=CC(O)=C1C(=O)N(c2ccccc2)N=C1C)C(=C([N+](=Cc1ccccc1O)[O-])N(C)CCO)(C)C failed to sanitize.
00:00:25 <INFO> Sampled SMILES FC(C1=NNC(C)(C)C1(C)C=C(C)C=CN(CCCCCCCC)CCCCCCCC)(F)(C(F)(C(C(F)(F)F)(F)F)F)F failed to sanitize.
00:00:26 <INFO> Sampled SMILES C(C)CCN(C=c1c(=C)c(O)c(O)c(=C(C)C)c1O)CCCCCCCC failed to sanitize.
00:00:26 <INFO> Sampled SMILES C(CCCN)(=CC(N(CC)CC)=CC=CC(O)=C1C(=O)N(C)C(=O)N(C)C1=O)=O failed to sanitize.
00:00:26 <INFO> Sampled SMILES c1c(N2CCSCC2)nc(=N)c2c(CC)cc(OC)cc12 failed to sanitize.
00:00:26 <INFO> Sampled SMILES n1cnc2c3c([nH]cc3)ccc12 failed to sanitize.
00:00:57 <INFO> Sampled SMILES N1(C)CCc2ccccc2C1C(=CC(O)=c1ccccc1)C failed to sanitize.
00:00:57 <INFO> Sampled SMILES N1(c2ccccc2)N=C(C(F)(F)F)C(=C(N=c2nc(-c3ccccc3)c(-c3ccccc3)[nH]2)O)C1=O failed to sanitize.
00:00:57 <INFO> Sampled SMILES C1(=O)C(=C(O)C=C(C)C=CN(CCCN=[N+]=[N-])C)=CC(=C(Br)C=CN(CC)CC)C(=O)N1C failed to sanitize.
00:00:57 <INFO> Sampled SMILES OC(C=C(S(C)(=CC=CN(C)c1ccccc1)C)=C)C=CC(O)=C1C(C)=NOC1=O failed to sanitize.
00:00:57 <INFO> Sampled SMILES C(C=C(C)N(CCCN=[N+](C)(C)C)O)=CC=CN1CC(=O)N(CC=C)C1=O failed to sanitize.
00:01:28 <INFO> Sampled SMILES c1cc2c(cc1)OC(CN1C(=O)C(=C(C=CC=CN3c4c(cccc4)CCC3)=C(C)C)OC1=O)CO2 failed to sanitize.
00:01:28 <INFO> Sampled SMILES c1cccc2c1CCCN2C=CC(C)=CC(=C1C(=O)N(c2ccccc2)N=c2c1cccc2)O failed to sanitize.
00:01:29 <INFO> Sampled SMILES N1(c2sc(C(F)(F)F)nn2)CCN(C(=CC(=C(C)C=CC(=C2C(=O)N(C)C(=S)N(C)C2=O)O)C)=O)CC1 failed to sanitize.
00:01:29 <INFO> Sampled SMILES CN(C=CC(=CC(O)=C1C(=O)N(c2ccccc2)N=C1C)C)=[N+]=[N-] failed to sanitize.
00:01:29 <INFO> Sampled SMILES C(N(C=CC(=CC(=C1C(=O)N(CC)C(=O)N(CC)C1=O)O)=C)CCCC)CCC failed to sanitize.
00:02:02 <INFO> Sampled SMILES C(N1CC(=CC(=CC(=CC(O)=C2C(=O)N(C)C(=O)N(C)C2=O)O)C)=C(C)N=C1C)(C)=CC failed to sanitize.
00:02:02 <INFO> Sampled SMILES C(C=CC(=C1C(C(=O)O)N2C(C1)C(C(O)C)C2=O)=O)=CN(CCO)CCO failed to sanitize.
00:02:02 <INFO> Sampled SMILES C(C)OC(=C1C(=O)N(C)C(=O)N(C)C1=O)=CC=C(C)N(CCCN=[N+]=[N-])C failed to sanitize.
00:02:02 <INFO> Sampled SMILES c1ccc2c1cc(C(=CC(=C1C(C)=NN(c3ccccc3)C1=O)O)C)o2 failed to sanitize.
00:02:35 <INFO> Sampled SMILES C(=CC=CC(=C1C(=O)N(CC)C(=O)N(CC)C1=O)O)(C)=CC=CN1CCCC1 failed to sanitize.
00:02:35 <INFO> Sampled SMILES C1(=O)Nc2ccccc2C1=C(C=C(C)C=CN(c1ccccc1)CC)=O failed to sanitize.
00:02:35 <INFO> Sampled SMILES N(=c1ccc2c(=O)c(C(O)=O)c(SC)[nH]c2c1)CC failed to sanitize.
00:02:35 <INFO> Sampled SMILES C(C=CC(O)=C1c2c(=Nc3ccccc3)cccc2C(=O)C1=O)(O)=C1C(=O)N(C)C(=O)N(C)C1=O failed to sanitize.
00:02:35 <INFO> Sampled SMILES C1OC(=O)C(=C(C=C(C)C=CN(c2ccccc2)CC)=O)C1 failed to sanitize.
00:02:35 <INFO> Sampled SMILES O=C1C(=C(C=CC=CN(C)C)O)c1c1c(F)cccc1 failed to sanitize.
00:02:36 <INFO> Best validation loss (15.075) was at epoch 15
00:02:37 <INFO> Peak main memory usage: 1062.172 MiB
00:02:37 <INFO> Finished REINVENT on 2026-07-16
