22:24:48 <INFO> Started REINVENT 4.7.15 (C) AstraZeneca 2017, 2023 on 2026-07-13
22:24:48 <INFO> Command line: /Users/hakeemshindy/miniconda3/envs/reinvent4/bin/reinvent -d cpu -l /Users/hakeemshindy/Downloads/REINVENT4_photochem/outputs_dasa/rl_stage2/stage2.log /Users/hakeemshindy/Downloads/REINVENT4_photochem/outputs_dasa/rl_stage2/stage2.toml
22:24:48 <INFO> Reading run configuration from /Users/hakeemshindy/Downloads/REINVENT4_photochem/outputs_dasa/rl_stage2/stage2.toml using format toml
22:24:48 <INFO> User hakeemshindy on host Mac.lan
22:24:48 <INFO> Python version 3.10.20
22:24:48 <INFO> PyTorch version 2.9.1, git 5811a8d7da873dd699ff6687092c225caffcf1bb
22:24:48 <INFO> PyTorch compiled with CUDA version None
22:24:48 <INFO> RDKit version 2026.03.1
22:24:48 <INFO> Platform macOS-26.4-arm64-arm-64bit
22:24:48 <INFO> Number of PyTorch CUDA devices 0
22:24:48 <WARN> 'use_cuda' is deprecated, use 'device' instead
22:24:48 <INFO> Using CPU arm
22:24:48 <INFO> Writing TensorBoard summary to /Users/hakeemshindy/Downloads/REINVENT4_photochem/outputs_dasa/rl_stage2/tb
22:24:48 <INFO> Writing JSON config file to /Users/hakeemshindy/Downloads/REINVENT4_photochem/outputs_dasa/rl_stage2/_stage2.json
22:24:48 <INFO> Starting 1 stage of Reinforcement Learning
22:24:48 <ERRO> /Users/hakeemshindy/Downloads/REINVENT4_photochem/reinvent.prior has invalid hash:
{ 'comments': [],
  'creation_date': 0,
  'date_format': 'UNIX epoch',
  'hash_id': '173568c36e1fc3d95cab289c7d31ce0b',
  'hash_id_format': 'xxhash.xxh3_128_hex 3.4.1',
  'model_id': '55d68f8a81c04f5a86304ebe1723a0ea',
  'model_id_format': 'uuid.uuid4 3.10.12',
  'origina_data_source': 'ChEMBL 25',
  'updates': []}
22:24:48 <INFO> Number of network parameters: 5,805,602
22:24:48 <INFO> Network architecture:
RNN(
  (_embedding): Embedding(34, 256)
  (_rnn): LSTM(256, 512, num_layers=3, batch_first=True)
  (_linear): Linear(in_features=512, out_features=34, bias=True)
)
22:24:48 <INFO> /Users/hakeemshindy/Downloads/REINVENT4_photochem/outputs_dasa/tl_run/TL_dasa.model.30.chkpt has valid hash:
{ 'comments': ['TL'],
  'creation_date': 0,
  'date_format': 'UNIX epoch',
  'hash_id': 'd7700355add6a2c149b279b6a18ee5f8',
  'hash_id_format': 'xxhash.xxh3_128_hex 3.6.0',
  'model_id': '55d68f8a81c04f5a86304ebe1723a0ea',
  'model_id_format': 'uuid.uuid4 3.10.12',
  'origina_data_source': 'ChEMBL 25',
  'updates': [1783995845.7415428]}
22:24:48 <INFO> Number of network parameters: 5,805,602
22:24:48 <INFO> Network architecture:
RNN(
  (_embedding): Embedding(34, 256)
  (_rnn): LSTM(256, 512, num_layers=3, batch_first=True)
  (_linear): Linear(in_features=512, out_features=34, bias=True)
)
22:24:48 <INFO> Using generator Reinvent
22:24:48 <INFO> Prior read from /Users/hakeemshindy/Downloads/REINVENT4_photochem/reinvent.prior
22:24:48 <INFO> Agent read from /Users/hakeemshindy/Downloads/REINVENT4_photochem/outputs_dasa/tl_run/TL_dasa.model.30.chkpt
22:24:48 <INFO> Using reward strategy dap
22:24:48 <INFO> Using diversity filter IdenticalMurckoScaffold
22:24:48 <INFO> Purging diversity filter memories after each stage
22:24:48 <INFO> No SMILES for inception. Populating from first sampled batch.
22:24:48 <INFO> Using inception memory
22:24:48 <INFO> Registered scoring component AqueousSolubility
22:24:48 <INFO> Registered scoring component DASAScaffold
22:24:48 <INFO> Registered scoring component DASASwitchability
22:24:48 <INFO> Registered scoring component HalfLifeChemProp
22:24:48 <INFO> Registered scoring component PhotoswitchScaffold
22:24:48 <INFO> Registered scoring component VisibleAbsChemProp
22:24:48 <INFO> Registered scoring component XTBHomoLumo
22:24:48 <INFO> Registered scoring component XTBIsomerGap
22:24:48 <INFO> Registered scoring component XTBLambdaFilter
22:24:49 <INFO> Registered scoring component ROCSSimilarity
22:24:49 <INFO> Registered scoring component GroupCount
22:24:49 <INFO> Registered scoring component FragmentQed
22:24:49 <INFO> Registered scoring component FragmentSlogP
22:24:49 <INFO> Registered scoring component FragmentMolecularWeight
22:24:49 <INFO> Registered scoring component FragmentTPSA
22:24:49 <INFO> Registered scoring component FragmentDistanceMatrix
22:24:49 <INFO> Registered scoring component FragmentNumAtomStereoCenters
22:24:49 <INFO> Registered scoring component FragmentHBondAcceptors
22:24:49 <INFO> Registered scoring component FragmentHBondDonors
22:24:49 <INFO> Registered scoring component FragmentNumRotBond
22:24:49 <INFO> Registered scoring component FragmentCsp3
22:24:49 <INFO> Registered scoring component Fragmentnumsp
22:24:49 <INFO> Registered scoring component Fragmentnumsp2
22:24:49 <INFO> Registered scoring component Fragmentnumsp3
22:24:49 <INFO> Registered scoring component FragmentEffectiveLength
22:24:49 <INFO> Registered scoring component FragmentGraphLength
22:24:49 <INFO> Registered scoring component FragmentLengthRatio
22:24:49 <INFO> Registered scoring component FragmentNumHeavyAtoms
22:24:49 <INFO> Registered scoring component FragmentNumHeteroAtoms
22:24:49 <INFO> Registered scoring component FragmentNumRings
22:24:49 <INFO> Registered scoring component FragmentNumAromaticRings
22:24:49 <INFO> Registered scoring component FragmentNumAliphaticRings
22:24:49 <INFO> Registered scoring component FragmentSlogP
22:24:49 <INFO> Registered scoring component MatchingSubstructure
22:24:49 <INFO> Registered scoring component MolVolume
22:24:49 <INFO> Registered scoring component Qed
22:24:49 <INFO> Registered scoring component LargestRingSize
22:24:49 <INFO> Registered scoring component MolecularWeight
22:24:49 <INFO> Registered scoring component GraphLength
22:24:49 <INFO> Registered scoring component NumAtomStereoCenters
22:24:49 <INFO> Registered scoring component HBondAcceptors
22:24:49 <INFO> Registered scoring component HBondDonors
22:24:49 <INFO> Registered scoring component NumRotBond
22:24:49 <INFO> Registered scoring component Csp3
22:24:49 <INFO> Registered scoring component numsp
22:24:49 <INFO> Registered scoring component numsp2
22:24:49 <INFO> Registered scoring component numsp3
22:24:49 <INFO> Registered scoring component NumHeavyAtoms
22:24:49 <INFO> Registered scoring component NumHeteroAtoms
22:24:49 <INFO> Registered scoring component NumRings
22:24:49 <INFO> Registered scoring component NumAromaticRings
22:24:49 <INFO> Registered scoring component NumAliphaticRings
22:24:49 <INFO> Registered scoring component SlogP
22:24:49 <INFO> Registered scoring component LargestRingSize
22:24:49 <INFO> Registered scoring component PMI
22:24:49 <INFO> Registered scoring component RDKitDescriptors
22:24:49 <INFO> Registered scoring component TanimotoSimilarity
22:24:49 <INFO> Registered scoring component TanimotoDistance
22:24:49 <INFO> Registered scoring component TPSA
22:24:49 <INFO> Registered scoring component SAScore
